Archive member included to satisfy reference by file (symbol)

c:/st/stm32cubeide_1.11.0/stm32cubeide/plugins/com.st.stm32cube.ide.mcu.externaltools.gnu-tools-for-stm32.10.3-2021.10.win32_1.0.100.202210260954/tools/bin/../lib/gcc/arm-none-eabi/10.3.1/../../../../arm-none-eabi/lib/thumb/v7e-m+fp/hard\libc_nano.a(lib_a-errno.o)
                              ./Core/Src/syscalls.o (__errno)
c:/st/stm32cubeide_1.11.0/stm32cubeide/plugins/com.st.stm32cube.ide.mcu.externaltools.gnu-tools-for-stm32.10.3-2021.10.win32_1.0.100.202210260954/tools/bin/../lib/gcc/arm-none-eabi/10.3.1/../../../../arm-none-eabi/lib/thumb/v7e-m+fp/hard\libc_nano.a(lib_a-exit.o)
                              c:/st/stm32cubeide_1.11.0/stm32cubeide/plugins/com.st.stm32cube.ide.mcu.externaltools.gnu-tools-for-stm32.10.3-2021.10.win32_1.0.100.202210260954/tools/bin/../lib/gcc/arm-none-eabi/10.3.1/../../../../arm-none-eabi/lib/thumb/v7e-m+fp/hard/crt0.o (exit)
c:/st/stm32cubeide_1.11.0/stm32cubeide/plugins/com.st.stm32cube.ide.mcu.externaltools.gnu-tools-for-stm32.10.3-2021.10.win32_1.0.100.202210260954/tools/bin/../lib/gcc/arm-none-eabi/10.3.1/../../../../arm-none-eabi/lib/thumb/v7e-m+fp/hard\libc_nano.a(lib_a-impure.o)
                              c:/st/stm32cubeide_1.11.0/stm32cubeide/plugins/com.st.stm32cube.ide.mcu.externaltools.gnu-tools-for-stm32.10.3-2021.10.win32_1.0.100.202210260954/tools/bin/../lib/gcc/arm-none-eabi/10.3.1/../../../../arm-none-eabi/lib/thumb/v7e-m+fp/hard\libc_nano.a(lib_a-exit.o) (_global_impure_ptr)
c:/st/stm32cubeide_1.11.0/stm32cubeide/plugins/com.st.stm32cube.ide.mcu.externaltools.gnu-tools-for-stm32.10.3-2021.10.win32_1.0.100.202210260954/tools/bin/../lib/gcc/arm-none-eabi/10.3.1/../../../../arm-none-eabi/lib/thumb/v7e-m+fp/hard\libc_nano.a(lib_a-init.o)
                              c:/st/stm32cubeide_1.11.0/stm32cubeide/plugins/com.st.stm32cube.ide.mcu.externaltools.gnu-tools-for-stm32.10.3-2021.10.win32_1.0.100.202210260954/tools/bin/../lib/gcc/arm-none-eabi/10.3.1/../../../../arm-none-eabi/lib/thumb/v7e-m+fp/hard/crt0.o (__libc_init_array)
c:/st/stm32cubeide_1.11.0/stm32cubeide/plugins/com.st.stm32cube.ide.mcu.externaltools.gnu-tools-for-stm32.10.3-2021.10.win32_1.0.100.202210260954/tools/bin/../lib/gcc/arm-none-eabi/10.3.1/../../../../arm-none-eabi/lib/thumb/v7e-m+fp/hard\libc_nano.a(lib_a-memset.o)
                              c:/st/stm32cubeide_1.11.0/stm32cubeide/plugins/com.st.stm32cube.ide.mcu.externaltools.gnu-tools-for-stm32.10.3-2021.10.win32_1.0.100.202210260954/tools/bin/../lib/gcc/arm-none-eabi/10.3.1/../../../../arm-none-eabi/lib/thumb/v7e-m+fp/hard/crt0.o (memset)
c:/st/stm32cubeide_1.11.0/stm32cubeide/plugins/com.st.stm32cube.ide.mcu.externaltools.gnu-tools-for-stm32.10.3-2021.10.win32_1.0.100.202210260954/tools/bin/../lib/gcc/arm-none-eabi/10.3.1/thumb/v7e-m+fp/hard\libgcc.a(_aeabi_uldivmod.o)
                              ./Drivers/STM32F4xx_HAL_Driver/Src/stm32f4xx_hal_rcc.o (__aeabi_uldivmod)
c:/st/stm32cubeide_1.11.0/stm32cubeide/plugins/com.st.stm32cube.ide.mcu.externaltools.gnu-tools-for-stm32.10.3-2021.10.win32_1.0.100.202210260954/tools/bin/../lib/gcc/arm-none-eabi/10.3.1/thumb/v7e-m+fp/hard\libgcc.a(_udivmoddi4.o)
                              c:/st/stm32cubeide_1.11.0/stm32cubeide/plugins/com.st.stm32cube.ide.mcu.externaltools.gnu-tools-for-stm32.10.3-2021.10.win32_1.0.100.202210260954/tools/bin/../lib/gcc/arm-none-eabi/10.3.1/thumb/v7e-m+fp/hard\libgcc.a(_aeabi_uldivmod.o) (__udivmoddi4)
c:/st/stm32cubeide_1.11.0/stm32cubeide/plugins/com.st.stm32cube.ide.mcu.externaltools.gnu-tools-for-stm32.10.3-2021.10.win32_1.0.100.202210260954/tools/bin/../lib/gcc/arm-none-eabi/10.3.1/thumb/v7e-m+fp/hard\libgcc.a(_dvmd_tls.o)
                              c:/st/stm32cubeide_1.11.0/stm32cubeide/plugins/com.st.stm32cube.ide.mcu.externaltools.gnu-tools-for-stm32.10.3-2021.10.win32_1.0.100.202210260954/tools/bin/../lib/gcc/arm-none-eabi/10.3.1/thumb/v7e-m+fp/hard\libgcc.a(_aeabi_uldivmod.o) (__aeabi_ldiv0)

Discarded input sections

 .text          0x0000000000000000        0x0 c:/st/stm32cubeide_1.11.0/stm32cubeide/plugins/com.st.stm32cube.ide.mcu.externaltools.gnu-tools-for-stm32.10.3-2021.10.win32_1.0.100.202210260954/tools/bin/../lib/gcc/arm-none-eabi/10.3.1/thumb/v7e-m+fp/hard/crti.o
 .data          0x0000000000000000        0x0 c:/st/stm32cubeide_1.11.0/stm32cubeide/plugins/com.st.stm32cube.ide.mcu.externaltools.gnu-tools-for-stm32.10.3-2021.10.win32_1.0.100.202210260954/tools/bin/../lib/gcc/arm-none-eabi/10.3.1/thumb/v7e-m+fp/hard/crti.o
 .bss           0x0000000000000000        0x0 c:/st/stm32cubeide_1.11.0/stm32cubeide/plugins/com.st.stm32cube.ide.mcu.externaltools.gnu-tools-for-stm32.10.3-2021.10.win32_1.0.100.202210260954/tools/bin/../lib/gcc/arm-none-eabi/10.3.1/thumb/v7e-m+fp/hard/crti.o
[...]
Memory Configuration

Name             Origin             Length             Attributes
RAM              0x0000000020000000 0x0000000000040000 xrw
FLASH            0x0000000008000000 0x0000000000080000 xr
*default*        0x0000000000000000 0xffffffffffffffff

Linker script and memory map

LOAD c:/st/stm32cubeide_1.11.0/stm32cubeide/plugins/com.st.stm32cube.ide.mcu.externaltools.gnu-tools-for-stm32.10.3-2021.10.win32_1.0.100.202210260954/tools/bin/../lib/gcc/arm-none-eabi/10.3.1/thumb/v7e-m+fp/hard/crti.o
LOAD c:/st/stm32cubeide_1.11.0/stm32cubeide/plugins/com.st.stm32cube.ide.mcu.externaltools.gnu-tools-for-stm32.10.3-2021.10.win32_1.0.100.202210260954/tools/bin/../lib/gcc/arm-none-eabi/10.3.1/thumb/v7e-m+fp/hard/crtbegin.o
LOAD c:/st/stm32cubeide_1.11.0/stm32cubeide/plugins/com.st.stm32cube.ide.mcu.externaltools.gnu-tools-for-stm32.10.3-2021.10.win32_1.0.100.202210260954/tools/bin/../lib/gcc/arm-none-eabi/10.3.1/../../../../arm-none-eabi/lib/thumb/v7e-m+fp/hard/crt0.o
LOAD ./Core/Src/button.o
LOAD ./Core/Src/can.o
LOAD ./Core/Src/display.o
LOAD ./Core/Src/encoder.o
LOAD ./Core/Src/gfx.o
LOAD ./Core/Src/hvil.o
LOAD ./Core/Src/img.o
LOAD ./Core/Src/init.o
LOAD ./Core/Src/led.o
LOAD ./Core/Src/main.o
LOAD ./Core/Src/pot.o
LOAD ./Core/Src/segdisp.o
LOAD ./Core/Src/speaker.o
LOAD ./Core/Src/stm32f4xx_hal_msp.o
LOAD ./Core/Src/stm32f4xx_it.o
LOAD ./Core/Src/syscalls.o
LOAD ./Core/Src/sysmem.o
LOAD ./Core/Src/system_stm32f4xx.o
LOAD ./Core/Src/timer.o
LOAD ./Core/Src/ui.o
LOAD ./Core/Startup/startup_stm32f412vetx.o
LOAD ./Drivers/STM32F4xx_HAL_Driver/Src/stm32f4xx_hal.o
LOAD ./Drivers/STM32F4xx_HAL_Driver/Src/stm32f4xx_hal_adc.o
LOAD ./Drivers/STM32F4xx_HAL_Driver/Src/stm32f4xx_hal_adc_ex.o
LOAD ./Drivers/STM32F4xx_HAL_Driver/Src/stm32f4xx_hal_can.o
LOAD ./Drivers/STM32F4xx_HAL_Driver/Src/stm32f4xx_hal_cortex.o
LOAD ./Drivers/STM32F4xx_HAL_Driver/Src/stm32f4xx_hal_dma.o
LOAD ./Drivers/STM32F4xx_HAL_Driver/Src/stm32f4xx_hal_dma_ex.o
LOAD ./Drivers/STM32F4xx_HAL_Driver/Src/stm32f4xx_hal_exti.o
LOAD ./Drivers/STM32F4xx_HAL_Driver/Src/stm32f4xx_hal_flash.o
LOAD ./Drivers/STM32F4xx_HAL_Driver/Src/stm32f4xx_hal_flash_ex.o
LOAD ./Drivers/STM32F4xx_HAL_Driver/Src/stm32f4xx_hal_flash_ramfunc.o
LOAD ./Drivers/STM32F4xx_HAL_Driver/Src/stm32f4xx_hal_gpio.o
LOAD ./Drivers/STM32F4xx_HAL_Driver/Src/stm32f4xx_hal_i2c.o
LOAD ./Drivers/STM32F4xx_HAL_Driver/Src/stm32f4xx_hal_i2c_ex.o
LOAD ./Drivers/STM32F4xx_HAL_Driver/Src/stm32f4xx_hal_pwr.o
LOAD ./Drivers/STM32F4xx_HAL_Driver/Src/stm32f4xx_hal_pwr_ex.o
LOAD ./Drivers/STM32F4xx_HAL_Driver/Src/stm32f4xx_hal_rcc.o
LOAD ./Drivers/STM32F4xx_HAL_Driver/Src/stm32f4xx_hal_rcc_ex.o
LOAD ./Drivers/STM32F4xx_HAL_Driver/Src/stm32f4xx_hal_spi.o
LOAD ./Drivers/STM32F4xx_HAL_Driver/Src/stm32f4xx_hal_tim.o
LOAD ./Drivers/STM32F4xx_HAL_Driver/Src/stm32f4xx_hal_tim_ex.o
LOAD ./Drivers/STM32F4xx_HAL_Driver/Src/stm32f4xx_ll_adc.o
START GROUP
LOAD c:/st/stm32cubeide_1.11.0/stm32cubeide/plugins/com.st.stm32cube.ide.mcu.externaltools.gnu-tools-for-stm32.10.3-2021.10.win32_1.0.100.202210260954/tools/bin/../lib/gcc/arm-none-eabi/10.3.1/../../../../arm-none-eabi/lib/thumb/v7e-m+fp/hard\libc_nano.a
LOAD c:/st/stm32cubeide_1.11.0/stm32cubeide/plugins/com.st.stm32cube.ide.mcu.externaltools.gnu-tools-for-stm32.10.3-2021.10.win32_1.0.100.202210260954/tools/bin/../lib/gcc/arm-none-eabi/10.3.1/../../../../arm-none-eabi/lib/thumb/v7e-m+fp/hard\libm.a
END GROUP
START GROUP
LOAD c:/st/stm32cubeide_1.11.0/stm32cubeide/plugins/com.st.stm32cube.ide.mcu.externaltools.gnu-tools-for-stm32.10.3-2021.10.win32_1.0.100.202210260954/tools/bin/../lib/gcc/arm-none-eabi/10.3.1/thumb/v7e-m+fp/hard\libgcc.a
LOAD c:/st/stm32cubeide_1.11.0/stm32cubeide/plugins/com.st.stm32cube.ide.mcu.externaltools.gnu-tools-for-stm32.10.3-2021.10.win32_1.0.100.202210260954/tools/bin/../lib/gcc/arm-none-eabi/10.3.1/../../../../arm-none-eabi/lib/thumb/v7e-m+fp/hard\libc_nano.a
END GROUP
START GROUP
LOAD c:/st/stm32cubeide_1.11.0/stm32cubeide/plugins/com.st.stm32cube.ide.mcu.externaltools.gnu-tools-for-stm32.10.3-2021.10.win32_1.0.100.202210260954/tools/bin/../lib/gcc/arm-none-eabi/10.3.1/thumb/v7e-m+fp/hard\libgcc.a
LOAD c:/st/stm32cubeide_1.11.0/stm32cubeide/plugins/com.st.stm32cube.ide.mcu.externaltools.gnu-tools-for-stm32.10.3-2021.10.win32_1.0.100.202210260954/tools/bin/../lib/gcc/arm-none-eabi/10.3.1/../../../../arm-none-eabi/lib/thumb/v7e-m+fp/hard\libc_nano.a
LOAD c:/st/stm32cubeide_1.11.0/stm32cubeide/plugins/com.st.stm32cube.ide.mcu.externaltools.gnu-tools-for-stm32.10.3-2021.10.win32_1.0.100.202210260954/tools/bin/../lib/gcc/arm-none-eabi/10.3.1/../../../../arm-none-eabi/lib/thumb/v7e-m+fp/hard\libnosys.a
END GROUP
START GROUP
LOAD c:/st/stm32cubeide_1.11.0/stm32cubeide/plugins/com.st.stm32cube.ide.mcu.externaltools.gnu-tools-for-stm32.10.3-2021.10.win32_1.0.100.202210260954/tools/bin/../lib/gcc/arm-none-eabi/10.3.1/thumb/v7e-m+fp/hard\libgcc.a
LOAD c:/st/stm32cubeide_1.11.0/stm32cubeide/plugins/com.st.stm32cube.ide.mcu.externaltools.gnu-tools-for-stm32.10.3-2021.10.win32_1.0.100.202210260954/tools/bin/../lib/gcc/arm-none-eabi/10.3.1/../../../../arm-none-eabi/lib/thumb/v7e-m+fp/hard\libc_nano.a
LOAD c:/st/stm32cubeide_1.11.0/stm32cubeide/plugins/com.st.stm32cube.ide.mcu.externaltools.gnu-tools-for-stm32.10.3-2021.10.win32_1.0.100.202210260954/tools/bin/../lib/gcc/arm-none-eabi/10.3.1/../../../../arm-none-eabi/lib/thumb/v7e-m+fp/hard\libnosys.a
END GROUP
LOAD c:/st/stm32cubeide_1.11.0/stm32cubeide/plugins/com.st.stm32cube.ide.mcu.externaltools.gnu-tools-for-stm32.10.3-2021.10.win32_1.0.100.202210260954/tools/bin/../lib/gcc/arm-none-eabi/10.3.1/thumb/v7e-m+fp/hard/crtend.o
LOAD c:/st/stm32cubeide_1.11.0/stm32cubeide/plugins/com.st.stm32cube.ide.mcu.externaltools.gnu-tools-for-stm32.10.3-2021.10.win32_1.0.100.202210260954/tools/bin/../lib/gcc/arm-none-eabi/10.3.1/thumb/v7e-m+fp/hard/crtn.o
                0x0000000020040000                _estack = (ORIGIN (RAM) + LENGTH (RAM))
                0x0000000000000200                _Min_Heap_Size = 0x200
                0x0000000000000400                _Min_Stack_Size = 0x400

.isr_vector     0x0000000008000000      0x1c4
                0x0000000008000000                . = ALIGN (0x4)
 *(.isr_vector)
 .isr_vector    0x0000000008000000      0x1c4 ./Core/Startup/startup_stm32f412vetx.o
                0x0000000008000000                g_pfnVectors
                0x00000000080001c4                . = ALIGN (0x4)

.text           0x00000000080001c4     0x797c
                0x00000000080001c4                . = ALIGN (0x4)
 *(.text)
 .text          0x00000000080001c4       0x40 c:/st/stm32cubeide_1.11.0/stm32cubeide/plugins/com.st.stm32cube.ide.mcu.externaltools.gnu-tools-for-stm32.10.3-2021.10.win32_1.0.100.202210260954/tools/bin/../lib/gcc/arm-none-eabi/10.3.1/thumb/v7e-m+fp/hard/crtbegin.o
 .text          0x0000000008000204       0x30 c:/st/stm32cubeide_1.11.0/stm32cubeide/plugins/com.st.stm32cube.ide.mcu.externaltools.gnu-tools-for-stm32.10.3-2021.10.win32_1.0.100.202210260954/tools/bin/../lib/gcc/arm-none-eabi/10.3.1/thumb/v7e-m+fp/hard\libgcc.a(_aeabi_uldivmod.o)
                0x0000000008000204                __aeabi_uldivmod
 .text          0x0000000008000234      0x2d0 c:/st/stm32cubeide_1.11.0/stm32cubeide/plugins/com.st.stm32cube.ide.mcu.externaltools.gnu-tools-for-stm32.10.3-2021.10.win32_1.0.100.202210260954/tools/bin/../lib/gcc/arm-none-eabi/10.3.1/thumb/v7e-m+fp/hard\libgcc.a(_udivmoddi4.o)
                0x0000000008000234                __udivmoddi4
 .text          0x0000000008000504        0x4 c:/st/stm32cubeide_1.11.0/stm32cubeide/plugins/com.st.stm32cube.ide.mcu.externaltools.gnu-tools-for-stm32.10.3-2021.10.win32_1.0.100.202210260954/tools/bin/../lib/gcc/arm-none-eabi/10.3.1/thumb/v7e-m+fp/hard\libgcc.a(_dvmd_tls.o)
                0x0000000008000504                __aeabi_idiv0
                0x0000000008000504                __aeabi_ldiv0
 *(.text*)
 .text.Button_Init
                0x0000000008000508       0xa4 ./Core/Src/button.o
                0x0000000008000508                Button_Init
 .text.Button_PressedHandler
                0x00000000080005ac       0x4c ./Core/Src/button.o
 .text.Button_ReleasedHandler
                0x00000000080005f8       0x48 ./Core/Src/button.o
 .text.Button_Debounce
                0x0000000008000640       0x9c ./Core/Src/button.o
                0x0000000008000640                Button_Debounce
 .text.Display_Init
                0x00000000080006dc       0x4e ./Core/Src/display.o
                0x00000000080006dc                Display_Init
 *fill*         0x000000000800072a        0x2 
 .text.Display_HWReset
                0x000000000800072c       0x30 ./Core/Src/display.o
                0x000000000800072c                Display_HWReset
 .text.Display_TransmitCmd
                0x000000000800075c       0x4c ./Core/Src/display.o
                0x000000000800075c                Display_TransmitCmd
 .text.Display_TransmitParam
                0x00000000080007a8       0x4c ./Core/Src/display.o
                0x00000000080007a8                Display_TransmitParam
 .text.Display_TransmitCmdParam
                0x00000000080007f4       0x28 ./Core/Src/display.o
                0x00000000080007f4                Display_TransmitCmdParam
 .text.Display_SetWindow
                0x000000000800081c      0x15c ./Core/Src/display.o
                0x000000000800081c                Display_SetWindow
 .text.Display_SendColor
                0x0000000008000978       0x78 ./Core/Src/display.o
                0x0000000008000978                Display_SendColor
 .text.Display_SendData
                0x00000000080009f0       0x68 ./Core/Src/display.o
                0x00000000080009f0                Display_SendData
 .text.Encoder_ReadBinary
                0x0000000008000a58       0x5a ./Core/Src/encoder.o
 *fill*         0x0000000008000ab2        0x2 
 .text.Encoder_Init
                0x0000000008000ab4       0x30 ./Core/Src/encoder.o
                0x0000000008000ab4                Encoder_Init
 .text.Encoder_CWHandler
                0x0000000008000ae4       0x1c ./Core/Src/encoder.o
 .text.Encoder_CCWHandler
                0x0000000008000b00       0x1c ./Core/Src/encoder.o
 .text.Encoder_Debounce
                0x0000000008000b1c       0x78 ./Core/Src/encoder.o
                0x0000000008000b1c                Encoder_Debounce
 .text.Gfx_Init
                0x0000000008000b94        0xe ./Core/Src/gfx.o
                0x0000000008000b94                Gfx_Init
 *fill*         0x0000000008000ba2        0x2 
 .text.Gfx_SetBackground
                0x0000000008000ba4       0x30 ./Core/Src/gfx.o
                0x0000000008000ba4                Gfx_SetBackground
 .text.Gfx_DrawFilledRect
                0x0000000008000bd4       0x76 ./Core/Src/gfx.o
                0x0000000008000bd4                Gfx_DrawFilledRect
 .text.Gfx_DrawImage
                0x0000000008000c4a       0x4e ./Core/Src/gfx.o
                0x0000000008000c4a                Gfx_DrawImage
 .text.Gfx_Draw7SegDigit
                0x0000000008000c98      0x25c ./Core/Src/gfx.o
                0x0000000008000c98                Gfx_Draw7SegDigit
 .text.HVIL_Init
                0x0000000008000ef4        0xe ./Core/Src/hvil.o
                0x0000000008000ef4                HVIL_Init
 *fill*         0x0000000008000f02        0x2 
 .text.SystemClock_Config
                0x0000000008000f04       0xdc ./Core/Src/init.o
                0x0000000008000f04                SystemClock_Config
 .text.MX_ADC1_Init
                0x0000000008000fe0       0xa4 ./Core/Src/init.o
                0x0000000008000fe0                MX_ADC1_Init
 .text.MX_CAN1_Init
                0x0000000008001084       0x68 ./Core/Src/init.o
                0x0000000008001084                MX_CAN1_Init
 .text.MX_I2C1_Init
                0x00000000080010ec       0x5c ./Core/Src/init.o
                0x00000000080010ec                MX_I2C1_Init
 .text.MX_SPI4_Init
                0x0000000008001148       0x6c ./Core/Src/init.o
                0x0000000008001148                MX_SPI4_Init
 .text.MX_TIM2_Init
                0x00000000080011b4       0xac ./Core/Src/init.o
                0x00000000080011b4                MX_TIM2_Init
 .text.MX_TIM3_Init
                0x0000000008001260       0xac ./Core/Src/init.o
                0x0000000008001260                MX_TIM3_Init
 .text.MX_TIM8_Init
                0x000000000800130c      0x144 ./Core/Src/init.o
                0x000000000800130c                MX_TIM8_Init
 .text.MX_USB_OTG_FS_USB_Init
                0x0000000008001450        0xe ./Core/Src/init.o
                0x0000000008001450                MX_USB_OTG_FS_USB_Init
 *fill*         0x000000000800145e        0x2 
 .text.MX_GPIO_Init
                0x0000000008001460      0x224 ./Core/Src/init.o
                0x0000000008001460                MX_GPIO_Init
 .text.Led_Init
                0x0000000008001684       0x32 ./Core/Src/led.o
                0x0000000008001684                Led_Init
 *fill*         0x00000000080016b6        0x2 
 .text.Led_Off  0x00000000080016b8       0xa4 ./Core/Src/led.o
                0x00000000080016b8                Led_Off
 .text.Led_Toggle
                0x000000000800175c       0x94 ./Core/Src/led.o
                0x000000000800175c                Led_Toggle
 .text.main     0x00000000080017f0       0x5a ./Core/Src/main.o
                0x00000000080017f0                main
 .text.Error_Handler
                0x000000000800184a        0xa ./Core/Src/main.o
                0x000000000800184a                Error_Handler
 .text.Pot_Init
                0x0000000008001854       0x7c ./Core/Src/pot.o
                0x0000000008001854                Pot_Init
 .text.Pot_EventHandler
                0x00000000080018d0       0x3c ./Core/Src/pot.o
 .text.Pot_Sample
                0x000000000800190c       0xbc ./Core/Src/pot.o
                0x000000000800190c                Pot_Sample
 .text.Speaker_Init
                0x00000000080019c8       0x3c ./Core/Src/speaker.o
                0x00000000080019c8                Speaker_Init
 .text.Speaker_SetTone
                0x0000000008001a04       0x74 ./Core/Src/speaker.o
                0x0000000008001a04                Speaker_SetTone
 .text.HAL_MspInit
                0x0000000008001a78       0x50 ./Core/Src/stm32f4xx_hal_msp.o
                0x0000000008001a78                HAL_MspInit
 .text.HAL_ADC_MspInit
                0x0000000008001ac8       0x88 ./Core/Src/stm32f4xx_hal_msp.o
                0x0000000008001ac8                HAL_ADC_MspInit
 .text.HAL_CAN_MspInit
                0x0000000008001b50       0xa0 ./Core/Src/stm32f4xx_hal_msp.o
                0x0000000008001b50                HAL_CAN_MspInit
 .text.HAL_I2C_MspInit
                0x0000000008001bf0       0xb0 ./Core/Src/stm32f4xx_hal_msp.o
                0x0000000008001bf0                HAL_I2C_MspInit
 .text.HAL_SPI_MspInit
                0x0000000008001ca0       0xa0 ./Core/Src/stm32f4xx_hal_msp.o
                0x0000000008001ca0                HAL_SPI_MspInit
 .text.HAL_TIM_OC_MspInit
                0x0000000008001d40       0x88 ./Core/Src/stm32f4xx_hal_msp.o
                0x0000000008001d40                HAL_TIM_OC_MspInit
 .text.HAL_TIM_Base_MspInit
                0x0000000008001dc8       0x44 ./Core/Src/stm32f4xx_hal_msp.o
                0x0000000008001dc8                HAL_TIM_Base_MspInit
 .text.HAL_TIM_MspPostInit
                0x0000000008001e0c       0x74 ./Core/Src/stm32f4xx_hal_msp.o
                0x0000000008001e0c                HAL_TIM_MspPostInit
 .text.NMI_Handler
                0x0000000008001e80        0x6 ./Core/Src/stm32f4xx_it.o
                0x0000000008001e80                NMI_Handler
 .text.HardFault_Handler
                0x0000000008001e86        0x6 ./Core/Src/stm32f4xx_it.o
                0x0000000008001e86                HardFault_Handler
 .text.MemManage_Handler
                0x0000000008001e8c        0x6 ./Core/Src/stm32f4xx_it.o
                0x0000000008001e8c                MemManage_Handler
 .text.BusFault_Handler
                0x0000000008001e92        0x6 ./Core/Src/stm32f4xx_it.o
                0x0000000008001e92                BusFault_Handler
 .text.UsageFault_Handler
                0x0000000008001e98        0x6 ./Core/Src/stm32f4xx_it.o
                0x0000000008001e98                UsageFault_Handler
 .text.SVC_Handler
                0x0000000008001e9e        0xe ./Core/Src/stm32f4xx_it.o
                0x0000000008001e9e                SVC_Handler
 .text.DebugMon_Handler
                0x0000000008001eac        0xe ./Core/Src/stm32f4xx_it.o
                0x0000000008001eac                DebugMon_Handler
 .text.PendSV_Handler
                0x0000000008001eba        0xe ./Core/Src/stm32f4xx_it.o
                0x0000000008001eba                PendSV_Handler
 .text.SysTick_Handler
                0x0000000008001ec8        0xc ./Core/Src/stm32f4xx_it.o
                0x0000000008001ec8                SysTick_Handler
 .text.CAN1_RX1_IRQHandler
                0x0000000008001ed4       0x14 ./Core/Src/stm32f4xx_it.o
                0x0000000008001ed4                CAN1_RX1_IRQHandler
 .text.TIM2_IRQHandler
                0x0000000008001ee8       0x14 ./Core/Src/stm32f4xx_it.o
                0x0000000008001ee8                TIM2_IRQHandler
 .text.TIM3_IRQHandler
                0x0000000008001efc       0x14 ./Core/Src/stm32f4xx_it.o
                0x0000000008001efc                TIM3_IRQHandler
 .text.I2C1_EV_IRQHandler
                0x0000000008001f10       0x14 ./Core/Src/stm32f4xx_it.o
                0x0000000008001f10                I2C1_EV_IRQHandler
 .text.I2C1_ER_IRQHandler
                0x0000000008001f24       0x14 ./Core/Src/stm32f4xx_it.o
                0x0000000008001f24                I2C1_ER_IRQHandler
 .text.SPI4_IRQHandler
                0x0000000008001f38       0x14 ./Core/Src/stm32f4xx_it.o
                0x0000000008001f38                SPI4_IRQHandler
 .text.SystemInit
                0x0000000008001f4c       0x24 ./Core/Src/system_stm32f4xx.o
                0x0000000008001f4c                SystemInit
 .text.Timer_EnableInterrupts
                0x0000000008001f70       0x1c ./Core/Src/timer.o
                0x0000000008001f70                Timer_EnableInterrupts
 .text.HAL_TIM_PeriodElapsedCallback
                0x0000000008001f8c       0xc8 ./Core/Src/timer.o
                0x0000000008001f8c                HAL_TIM_PeriodElapsedCallback
 .text.UI_Init  0x0000000008002054       0x1c ./Core/Src/ui.o
                0x0000000008002054                UI_Init
 .text.UI_Update_Laptime
                0x0000000008002070      0x108 ./Core/Src/ui.o
                0x0000000008002070                UI_Update_Laptime
 .text.UI_Update_BatteryPct
                0x0000000008002178       0xc8 ./Core/Src/ui.o
                0x0000000008002178                UI_Update_BatteryPct
 .text.UI_Update_RPM
                0x0000000008002240       0xc8 ./Core/Src/ui.o
                0x0000000008002240                UI_Update_RPM
 .text.UI_Update_WheelTemps
                0x0000000008002308      0x13c ./Core/Src/ui.o
                0x0000000008002308                UI_Update_WheelTemps
 .text.UI_Update_Speedometer
                0x0000000008002444       0x58 ./Core/Src/ui.o
                0x0000000008002444                UI_Update_Speedometer
 .text.UI_Update_CoolingTemp
                0x000000000800249c       0x58 ./Core/Src/ui.o
                0x000000000800249c                UI_Update_CoolingTemp
 .text.Reset_Handler
                0x00000000080024f4       0x50 ./Core/Startup/startup_stm32f412vetx.o
                0x00000000080024f4                Reset_Handler
 .text.Default_Handler
                0x0000000008002544        0x2 ./Core/Startup/startup_stm32f412vetx.o
                0x0000000008002544                RTC_Alarm_IRQHandler
                0x0000000008002544                EXTI2_IRQHandler
                0x0000000008002544                TIM8_CC_IRQHandler
                0x0000000008002544                FMPI2C1_EV_IRQHandler
                0x0000000008002544                TIM1_CC_IRQHandler
                0x0000000008002544                DMA2_Stream5_IRQHandler
                0x0000000008002544                DMA1_Stream5_IRQHandler
                0x0000000008002544                TIM6_IRQHandler
                0x0000000008002544                PVD_IRQHandler
                0x0000000008002544                SDIO_IRQHandler
                0x0000000008002544                TAMP_STAMP_IRQHandler
                0x0000000008002544                CAN2_RX1_IRQHandler
                0x0000000008002544                EXTI3_IRQHandler
                0x0000000008002544                TIM8_TRG_COM_TIM14_IRQHandler
                0x0000000008002544                DFSDM1_FLT1_IRQHandler
                0x0000000008002544                TIM1_UP_TIM10_IRQHandler
                0x0000000008002544                TIM8_UP_TIM13_IRQHandler
                0x0000000008002544                I2C3_ER_IRQHandler
                0x0000000008002544                EXTI0_IRQHandler
                0x0000000008002544                I2C2_EV_IRQHandler
                0x0000000008002544                DMA1_Stream2_IRQHandler
                0x0000000008002544                CAN1_RX0_IRQHandler
                0x0000000008002544                FPU_IRQHandler
                0x0000000008002544                CAN2_SCE_IRQHandler
                0x0000000008002544                DMA2_Stream2_IRQHandler
                0x0000000008002544                SPI1_IRQHandler
                0x0000000008002544                TIM1_BRK_TIM9_IRQHandler
                0x0000000008002544                CAN2_RX0_IRQHandler
                0x0000000008002544                DMA2_Stream3_IRQHandler
                0x0000000008002544                USART6_IRQHandler
                0x0000000008002544                USART3_IRQHandler
                0x0000000008002544                DMA2_Stream0_IRQHandler
                0x0000000008002544                TIM4_IRQHandler
                0x0000000008002544                QUADSPI_IRQHandler
                0x0000000008002544                DMA1_Stream6_IRQHandler
                0x0000000008002544                DMA1_Stream1_IRQHandler
                0x0000000008002544                RCC_IRQHandler
                0x0000000008002544                TIM8_BRK_TIM12_IRQHandler
                0x0000000008002544                Default_Handler
                0x0000000008002544                EXTI15_10_IRQHandler
                0x0000000008002544                ADC_IRQHandler
                0x0000000008002544                DMA1_Stream7_IRQHandler
                0x0000000008002544                SPI5_IRQHandler
                0x0000000008002544                TIM7_IRQHandler
                0x0000000008002544                CAN2_TX_IRQHandler
                0x0000000008002544                TIM5_IRQHandler
                0x0000000008002544                DMA2_Stream7_IRQHandler
                0x0000000008002544                I2C3_EV_IRQHandler
                0x0000000008002544                EXTI9_5_IRQHandler
                0x0000000008002544                RTC_WKUP_IRQHandler
                0x0000000008002544                SPI2_IRQHandler
                0x0000000008002544                DMA1_Stream0_IRQHandler
                0x0000000008002544                CAN1_TX_IRQHandler
                0x0000000008002544                FMPI2C1_ER_IRQHandler
                0x0000000008002544                EXTI4_IRQHandler
                0x0000000008002544                RNG_IRQHandler
                0x0000000008002544                WWDG_IRQHandler
                0x0000000008002544                OTG_FS_WKUP_IRQHandler
                0x0000000008002544                TIM1_TRG_COM_TIM11_IRQHandler
                0x0000000008002544                EXTI1_IRQHandler
                0x0000000008002544                USART2_IRQHandler
                0x0000000008002544                DFSDM1_FLT0_IRQHandler
                0x0000000008002544                I2C2_ER_IRQHandler
                0x0000000008002544                DMA2_Stream1_IRQHandler
                0x0000000008002544                CAN1_SCE_IRQHandler
                0x0000000008002544                FLASH_IRQHandler
                0x0000000008002544                DMA2_Stream4_IRQHandler
                0x0000000008002544                USART1_IRQHandler
                0x0000000008002544                OTG_FS_IRQHandler
                0x0000000008002544                SPI3_IRQHandler
                0x0000000008002544                DMA1_Stream4_IRQHandler
                0x0000000008002544                DMA2_Stream6_IRQHandler
                0x0000000008002544                DMA1_Stream3_IRQHandler
 *fill*         0x0000000008002546        0x2 
 .text.HAL_Init
                0x0000000008002548       0x44 ./Drivers/STM32F4xx_HAL_Driver/Src/stm32f4xx_hal.o
                0x0000000008002548                HAL_Init
 .text.HAL_InitTick
                0x000000000800258c       0x60 ./Drivers/STM32F4xx_HAL_Driver/Src/stm32f4xx_hal.o
                0x000000000800258c                HAL_InitTick
 .text.HAL_IncTick
                0x00000000080025ec       0x28 ./Drivers/STM32F4xx_HAL_Driver/Src/stm32f4xx_hal.o
                0x00000000080025ec                HAL_IncTick
 .text.HAL_GetTick
                0x0000000008002614       0x18 ./Drivers/STM32F4xx_HAL_Driver/Src/stm32f4xx_hal.o
                0x0000000008002614                HAL_GetTick
 .text.HAL_Delay
                0x000000000800262c       0x48 ./Drivers/STM32F4xx_HAL_Driver/Src/stm32f4xx_hal.o
                0x000000000800262c                HAL_Delay
 .text.HAL_ADC_Init
                0x0000000008002674       0x86 ./Drivers/STM32F4xx_HAL_Driver/Src/stm32f4xx_hal_adc.o
                0x0000000008002674                HAL_ADC_Init
 *fill*         0x00000000080026fa        0x2 
 .text.HAL_ADC_Start
                0x00000000080026fc      0x168 ./Drivers/STM32F4xx_HAL_Driver/Src/stm32f4xx_hal_adc.o
                0x00000000080026fc                HAL_ADC_Start
 .text.HAL_ADC_Stop
                0x0000000008002864       0x66 ./Drivers/STM32F4xx_HAL_Driver/Src/stm32f4xx_hal_adc.o
                0x0000000008002864                HAL_ADC_Stop
 .text.HAL_ADC_PollForConversion
                0x00000000080028ca      0x116 ./Drivers/STM32F4xx_HAL_Driver/Src/stm32f4xx_hal_adc.o
                0x00000000080028ca                HAL_ADC_PollForConversion
 .text.HAL_ADC_GetValue
                0x00000000080029e0       0x1a ./Drivers/STM32F4xx_HAL_Driver/Src/stm32f4xx_hal_adc.o
                0x00000000080029e0                HAL_ADC_GetValue
 *fill*         0x00000000080029fa        0x2 
 .text.HAL_ADC_ConfigChannel
                0x00000000080029fc      0x244 ./Drivers/STM32F4xx_HAL_Driver/Src/stm32f4xx_hal_adc.o
                0x00000000080029fc                HAL_ADC_ConfigChannel
 .text.ADC_Init
                0x0000000008002c40      0x1f8 ./Drivers/STM32F4xx_HAL_Driver/Src/stm32f4xx_hal_adc.o
 .text.HAL_CAN_Init
                0x0000000008002e38      0x1f6 ./Drivers/STM32F4xx_HAL_Driver/Src/stm32f4xx_hal_can.o
                0x0000000008002e38                HAL_CAN_Init
 .text.HAL_CAN_IRQHandler
                0x000000000800302e      0x36e ./Drivers/STM32F4xx_HAL_Driver/Src/stm32f4xx_hal_can.o
                0x000000000800302e                HAL_CAN_IRQHandler
 .text.HAL_CAN_TxMailbox0CompleteCallback
                0x000000000800339c       0x14 ./Drivers/STM32F4xx_HAL_Driver/Src/stm32f4xx_hal_can.o
                0x000000000800339c                HAL_CAN_TxMailbox0CompleteCallback
 .text.HAL_CAN_TxMailbox1CompleteCallback
                0x00000000080033b0       0x14 ./Drivers/STM32F4xx_HAL_Driver/Src/stm32f4xx_hal_can.o
                0x00000000080033b0                HAL_CAN_TxMailbox1CompleteCallback
 .text.HAL_CAN_TxMailbox2CompleteCallback
                0x00000000080033c4       0x14 ./Drivers/STM32F4xx_HAL_Driver/Src/stm32f4xx_hal_can.o
                0x00000000080033c4                HAL_CAN_TxMailbox2CompleteCallback
 .text.HAL_CAN_TxMailbox0AbortCallback
                0x00000000080033d8       0x14 ./Drivers/STM32F4xx_HAL_Driver/Src/stm32f4xx_hal_can.o
                0x00000000080033d8                HAL_CAN_TxMailbox0AbortCallback
 .text.HAL_CAN_TxMailbox1AbortCallback
                0x00000000080033ec       0x14 ./Drivers/STM32F4xx_HAL_Driver/Src/stm32f4xx_hal_can.o
                0x00000000080033ec                HAL_CAN_TxMailbox1AbortCallback
 .text.HAL_CAN_TxMailbox2AbortCallback
                0x0000000008003400       0x14 ./Drivers/STM32F4xx_HAL_Driver/Src/stm32f4xx_hal_can.o
                0x0000000008003400                HAL_CAN_TxMailbox2AbortCallback
 .text.HAL_CAN_RxFifo0MsgPendingCallback
                0x0000000008003414       0x14 ./Drivers/STM32F4xx_HAL_Driver/Src/stm32f4xx_hal_can.o
                0x0000000008003414                HAL_CAN_RxFifo0MsgPendingCallback
 .text.HAL_CAN_RxFifo0FullCallback
                0x0000000008003428       0x14 ./Drivers/STM32F4xx_HAL_Driver/Src/stm32f4xx_hal_can.o
                0x0000000008003428                HAL_CAN_RxFifo0FullCallback
 .text.HAL_CAN_RxFifo1MsgPendingCallback
                0x000000000800343c       0x14 ./Drivers/STM32F4xx_HAL_Driver/Src/stm32f4xx_hal_can.o
                0x000000000800343c                HAL_CAN_RxFifo1MsgPendingCallback
 .text.HAL_CAN_RxFifo1FullCallback
                0x0000000008003450       0x14 ./Drivers/STM32F4xx_HAL_Driver/Src/stm32f4xx_hal_can.o
                0x0000000008003450                HAL_CAN_RxFifo1FullCallback
 .text.HAL_CAN_SleepCallback
                0x0000000008003464       0x14 ./Drivers/STM32F4xx_HAL_Driver/Src/stm32f4xx_hal_can.o
                0x0000000008003464                HAL_CAN_SleepCallback
 .text.HAL_CAN_WakeUpFromRxMsgCallback
                0x0000000008003478       0x14 ./Drivers/STM32F4xx_HAL_Driver/Src/stm32f4xx_hal_can.o
                0x0000000008003478                HAL_CAN_WakeUpFromRxMsgCallback
 .text.HAL_CAN_ErrorCallback
                0x000000000800348c       0x14 ./Drivers/STM32F4xx_HAL_Driver/Src/stm32f4xx_hal_can.o
                0x000000000800348c                HAL_CAN_ErrorCallback
 .text.__NVIC_SetPriorityGrouping
                0x00000000080034a0       0x48 ./Drivers/STM32F4xx_HAL_Driver/Src/stm32f4xx_hal_cortex.o
 .text.__NVIC_GetPriorityGrouping
                0x00000000080034e8       0x1c ./Drivers/STM32F4xx_HAL_Driver/Src/stm32f4xx_hal_cortex.o
 .text.__NVIC_EnableIRQ
                0x0000000008003504       0x3c ./Drivers/STM32F4xx_HAL_Driver/Src/stm32f4xx_hal_cortex.o
 .text.__NVIC_SetPriority
                0x0000000008003540       0x54 ./Drivers/STM32F4xx_HAL_Driver/Src/stm32f4xx_hal_cortex.o
 .text.NVIC_EncodePriority
                0x0000000008003594       0x66 ./Drivers/STM32F4xx_HAL_Driver/Src/stm32f4xx_hal_cortex.o
 *fill*         0x00000000080035fa        0x2 
 .text.SysTick_Config
                0x00000000080035fc       0x44 ./Drivers/STM32F4xx_HAL_Driver/Src/stm32f4xx_hal_cortex.o
 .text.HAL_NVIC_SetPriorityGrouping
                0x0000000008003640       0x16 ./Drivers/STM32F4xx_HAL_Driver/Src/stm32f4xx_hal_cortex.o
                0x0000000008003640                HAL_NVIC_SetPriorityGrouping
 .text.HAL_NVIC_SetPriority
                0x0000000008003656       0x38 ./Drivers/STM32F4xx_HAL_Driver/Src/stm32f4xx_hal_cortex.o
                0x0000000008003656                HAL_NVIC_SetPriority
 .text.HAL_NVIC_EnableIRQ
                0x000000000800368e       0x1c ./Drivers/STM32F4xx_HAL_Driver/Src/stm32f4xx_hal_cortex.o
                0x000000000800368e                HAL_NVIC_EnableIRQ
 .text.HAL_SYSTICK_Config
                0x00000000080036aa       0x18 ./Drivers/STM32F4xx_HAL_Driver/Src/stm32f4xx_hal_cortex.o
                0x00000000080036aa                HAL_SYSTICK_Config
 .text.HAL_DMA_Abort_IT
                0x00000000080036c2       0x44 ./Drivers/STM32F4xx_HAL_Driver/Src/stm32f4xx_hal_dma.o
                0x00000000080036c2                HAL_DMA_Abort_IT
 .text.HAL_DMA_GetState
                0x0000000008003706       0x1c ./Drivers/STM32F4xx_HAL_Driver/Src/stm32f4xx_hal_dma.o
                0x0000000008003706                HAL_DMA_GetState
 *fill*         0x0000000008003722        0x2 
 .text.HAL_GPIO_Init
                0x0000000008003724      0x308 ./Drivers/STM32F4xx_HAL_Driver/Src/stm32f4xx_hal_gpio.o
                0x0000000008003724                HAL_GPIO_Init
 .text.HAL_GPIO_ReadPin
                0x0000000008003a2c       0x30 ./Drivers/STM32F4xx_HAL_Driver/Src/stm32f4xx_hal_gpio.o
                0x0000000008003a2c                HAL_GPIO_ReadPin
 .text.HAL_GPIO_WritePin
                0x0000000008003a5c       0x32 ./Drivers/STM32F4xx_HAL_Driver/Src/stm32f4xx_hal_gpio.o
                0x0000000008003a5c                HAL_GPIO_WritePin
 .text.HAL_GPIO_TogglePin
                0x0000000008003a8e       0x34 ./Drivers/STM32F4xx_HAL_Driver/Src/stm32f4xx_hal_gpio.o
                0x0000000008003a8e                HAL_GPIO_TogglePin
 *fill*         0x0000000008003ac2        0x2 
 .text.HAL_I2C_Init
                0x0000000008003ac4      0x288 ./Drivers/STM32F4xx_HAL_Driver/Src/stm32f4xx_hal_i2c.o
                0x0000000008003ac4                HAL_I2C_Init
 .text.HAL_I2C_EV_IRQHandler
                0x0000000008003d4c      0x2e2 ./Drivers/STM32F4xx_HAL_Driver/Src/stm32f4xx_hal_i2c.o
                0x0000000008003d4c                HAL_I2C_EV_IRQHandler
 .text.HAL_I2C_ER_IRQHandler
                0x000000000800402e      0x14e ./Drivers/STM32F4xx_HAL_Driver/Src/stm32f4xx_hal_i2c.o
                0x000000000800402e                HAL_I2C_ER_IRQHandler
 .text.HAL_I2C_MasterTxCpltCallback
                0x000000000800417c       0x14 ./Drivers/STM32F4xx_HAL_Driver/Src/stm32f4xx_hal_i2c.o
                0x000000000800417c                HAL_I2C_MasterTxCpltCallback
 .text.HAL_I2C_MasterRxCpltCallback
                0x0000000008004190       0x14 ./Drivers/STM32F4xx_HAL_Driver/Src/stm32f4xx_hal_i2c.o
                0x0000000008004190                HAL_I2C_MasterRxCpltCallback
 .text.HAL_I2C_SlaveTxCpltCallback
                0x00000000080041a4       0x14 ./Drivers/STM32F4xx_HAL_Driver/Src/stm32f4xx_hal_i2c.o
                0x00000000080041a4                HAL_I2C_SlaveTxCpltCallback
 .text.HAL_I2C_SlaveRxCpltCallback
                0x00000000080041b8       0x14 ./Drivers/STM32F4xx_HAL_Driver/Src/stm32f4xx_hal_i2c.o
                0x00000000080041b8                HAL_I2C_SlaveRxCpltCallback
 .text.HAL_I2C_AddrCallback
                0x00000000080041cc       0x1c ./Drivers/STM32F4xx_HAL_Driver/Src/stm32f4xx_hal_i2c.o
                0x00000000080041cc                HAL_I2C_AddrCallback
 .text.HAL_I2C_ListenCpltCallback
                0x00000000080041e8       0x14 ./Drivers/STM32F4xx_HAL_Driver/Src/stm32f4xx_hal_i2c.o
                0x00000000080041e8                HAL_I2C_ListenCpltCallback
 .text.HAL_I2C_MemTxCpltCallback
                0x00000000080041fc       0x14 ./Drivers/STM32F4xx_HAL_Driver/Src/stm32f4xx_hal_i2c.o
                0x00000000080041fc                HAL_I2C_MemTxCpltCallback
 .text.HAL_I2C_MemRxCpltCallback
                0x0000000008004210       0x14 ./Drivers/STM32F4xx_HAL_Driver/Src/stm32f4xx_hal_i2c.o
                0x0000000008004210                HAL_I2C_MemRxCpltCallback
 .text.HAL_I2C_ErrorCallback
                0x0000000008004224       0x14 ./Drivers/STM32F4xx_HAL_Driver/Src/stm32f4xx_hal_i2c.o
                0x0000000008004224                HAL_I2C_ErrorCallback
 .text.HAL_I2C_AbortCpltCallback
                0x0000000008004238       0x14 ./Drivers/STM32F4xx_HAL_Driver/Src/stm32f4xx_hal_i2c.o
                0x0000000008004238                HAL_I2C_AbortCpltCallback
 .text.I2C_MasterTransmit_TXE
                0x000000000800424c      0x138 ./Drivers/STM32F4xx_HAL_Driver/Src/stm32f4xx_hal_i2c.o
 .text.I2C_MasterTransmit_BTF
                0x0000000008004384       0xec ./Drivers/STM32F4xx_HAL_Driver/Src/stm32f4xx_hal_i2c.o
 .text.I2C_MemoryTransmit_TXE_BTF
                0x0000000008004470      0x128 ./Drivers/STM32F4xx_HAL_Driver/Src/stm32f4xx_hal_i2c.o
 .text.I2C_MasterReceive_RXNE
                0x0000000008004598      0x176 ./Drivers/STM32F4xx_HAL_Driver/Src/stm32f4xx_hal_i2c.o
 .text.I2C_MasterReceive_BTF
                0x000000000800470e      0x1d4 ./Drivers/STM32F4xx_HAL_Driver/Src/stm32f4xx_hal_i2c.o
 .text.I2C_Master_SB
                0x00000000080048e2      0x10c ./Drivers/STM32F4xx_HAL_Driver/Src/stm32f4xx_hal_i2c.o
 .text.I2C_Master_ADD10
                0x00000000080049ee       0x54 ./Drivers/STM32F4xx_HAL_Driver/Src/stm32f4xx_hal_i2c.o
 .text.I2C_Master_ADDR
                0x0000000008004a42      0x322 ./Drivers/STM32F4xx_HAL_Driver/Src/stm32f4xx_hal_i2c.o
 .text.I2C_SlaveTransmit_TXE
                0x0000000008004d64       0x7a ./Drivers/STM32F4xx_HAL_Driver/Src/stm32f4xx_hal_i2c.o
 .text.I2C_SlaveTransmit_BTF
                0x0000000008004dde       0x42 ./Drivers/STM32F4xx_HAL_Driver/Src/stm32f4xx_hal_i2c.o
 .text.I2C_SlaveReceive_RXNE
                0x0000000008004e20       0x7c ./Drivers/STM32F4xx_HAL_Driver/Src/stm32f4xx_hal_i2c.o
 .text.I2C_SlaveReceive_BTF
                0x0000000008004e9c       0x44 ./Drivers/STM32F4xx_HAL_Driver/Src/stm32f4xx_hal_i2c.o
 .text.I2C_Slave_ADDR
                0x0000000008004ee0       0x94 ./Drivers/STM32F4xx_HAL_Driver/Src/stm32f4xx_hal_i2c.o
 .text.I2C_Slave_STOPF
                0x0000000008004f74      0x260 ./Drivers/STM32F4xx_HAL_Driver/Src/stm32f4xx_hal_i2c.o
 .text.I2C_Slave_AF
                0x00000000080051d4       0xe0 ./Drivers/STM32F4xx_HAL_Driver/Src/stm32f4xx_hal_i2c.o
 .text.I2C_ITError
                0x00000000080052b4      0x264 ./Drivers/STM32F4xx_HAL_Driver/Src/stm32f4xx_hal_i2c.o
 .text.I2C_DMAAbort
                0x0000000008005518      0x150 ./Drivers/STM32F4xx_HAL_Driver/Src/stm32f4xx_hal_i2c.o
 .text.I2C_WaitOnSTOPRequestThroughIT
                0x0000000008005668       0x64 ./Drivers/STM32F4xx_HAL_Driver/Src/stm32f4xx_hal_i2c.o
 .text.I2C_ConvertOtherXferOptions
                0x00000000080056cc       0x36 ./Drivers/STM32F4xx_HAL_Driver/Src/stm32f4xx_hal_i2c.o
 *fill*         0x0000000008005702        0x2 
 .text.HAL_RCC_ClockConfig
                0x0000000008005704      0x1cc ./Drivers/STM32F4xx_HAL_Driver/Src/stm32f4xx_hal_rcc.o
                0x0000000008005704                HAL_RCC_ClockConfig
 .text.HAL_RCC_GetSysClockFreq
                0x00000000080058d0      0x20c ./Drivers/STM32F4xx_HAL_Driver/Src/stm32f4xx_hal_rcc.o
                0x00000000080058d0                HAL_RCC_GetSysClockFreq
 .text.HAL_RCC_GetHCLKFreq
                0x0000000008005adc       0x18 ./Drivers/STM32F4xx_HAL_Driver/Src/stm32f4xx_hal_rcc.o
                0x0000000008005adc                HAL_RCC_GetHCLKFreq
 .text.HAL_RCC_GetPCLK1Freq
                0x0000000008005af4       0x28 ./Drivers/STM32F4xx_HAL_Driver/Src/stm32f4xx_hal_rcc.o
                0x0000000008005af4                HAL_RCC_GetPCLK1Freq
 .text.HAL_RCC_OscConfig
                0x0000000008005b1c      0x508 ./Drivers/STM32F4xx_HAL_Driver/Src/stm32f4xx_hal_rcc_ex.o
                0x0000000008005b1c                HAL_RCC_OscConfig
 .text.HAL_SPI_Init
                0x0000000008006024      0x112 ./Drivers/STM32F4xx_HAL_Driver/Src/stm32f4xx_hal_spi.o
                0x0000000008006024                HAL_SPI_Init
 .text.HAL_SPI_Transmit
                0x0000000008006136      0x278 ./Drivers/STM32F4xx_HAL_Driver/Src/stm32f4xx_hal_spi.o
                0x0000000008006136                HAL_SPI_Transmit
 *fill*         0x00000000080063ae        0x2 
 .text.HAL_SPI_IRQHandler
                0x00000000080063b0      0x200 ./Drivers/STM32F4xx_HAL_Driver/Src/stm32f4xx_hal_spi.o
                0x00000000080063b0                HAL_SPI_IRQHandler
 .text.HAL_SPI_ErrorCallback
                0x00000000080065b0       0x14 ./Drivers/STM32F4xx_HAL_Driver/Src/stm32f4xx_hal_spi.o
                0x00000000080065b0                HAL_SPI_ErrorCallback
 .text.SPI_DMAAbortOnError
                0x00000000080065c4       0x28 ./Drivers/STM32F4xx_HAL_Driver/Src/stm32f4xx_hal_spi.o
 .text.SPI_WaitFlagStateUntilTimeout
                0x00000000080065ec      0x110 ./Drivers/STM32F4xx_HAL_Driver/Src/stm32f4xx_hal_spi.o
 .text.SPI_EndRxTxTransaction
                0x00000000080066fc       0x84 ./Drivers/STM32F4xx_HAL_Driver/Src/stm32f4xx_hal_spi.o
 .text.HAL_TIM_Base_Init
                0x0000000008006780       0x9e ./Drivers/STM32F4xx_HAL_Driver/Src/stm32f4xx_hal_tim.o
                0x0000000008006780                HAL_TIM_Base_Init
 *fill*         0x000000000800681e        0x2 
 .text.HAL_TIM_Base_Start_IT
                0x0000000008006820       0xe0 ./Drivers/STM32F4xx_HAL_Driver/Src/stm32f4xx_hal_tim.o
                0x0000000008006820                HAL_TIM_Base_Start_IT
 .text.HAL_TIM_OC_Init
                0x0000000008006900       0x9e ./Drivers/STM32F4xx_HAL_Driver/Src/stm32f4xx_hal_tim.o
                0x0000000008006900                HAL_TIM_OC_Init
 .text.HAL_TIM_PWM_Init
                0x000000000800699e       0x9e ./Drivers/STM32F4xx_HAL_Driver/Src/stm32f4xx_hal_tim.o
                0x000000000800699e                HAL_TIM_PWM_Init
 .text.HAL_TIM_PWM_MspInit
                0x0000000008006a3c       0x14 ./Drivers/STM32F4xx_HAL_Driver/Src/stm32f4xx_hal_tim.o
                0x0000000008006a3c                HAL_TIM_PWM_MspInit
 .text.HAL_TIM_PWM_Start
                0x0000000008006a50      0x190 ./Drivers/STM32F4xx_HAL_Driver/Src/stm32f4xx_hal_tim.o
                0x0000000008006a50                HAL_TIM_PWM_Start
 .text.HAL_TIM_PWM_Stop
                0x0000000008006be0       0xe0 ./Drivers/STM32F4xx_HAL_Driver/Src/stm32f4xx_hal_tim.o
                0x0000000008006be0                HAL_TIM_PWM_Stop
 .text.HAL_TIM_IRQHandler
                0x0000000008006cc0      0x210 ./Drivers/STM32F4xx_HAL_Driver/Src/stm32f4xx_hal_tim.o
                0x0000000008006cc0                HAL_TIM_IRQHandler
 .text.HAL_TIM_OC_ConfigChannel
                0x0000000008006ed0       0xb8 ./Drivers/STM32F4xx_HAL_Driver/Src/stm32f4xx_hal_tim.o
                0x0000000008006ed0                HAL_TIM_OC_ConfigChannel
 .text.HAL_TIM_PWM_ConfigChannel
                0x0000000008006f88      0x184 ./Drivers/STM32F4xx_HAL_Driver/Src/stm32f4xx_hal_tim.o
                0x0000000008006f88                HAL_TIM_PWM_ConfigChannel
 .text.HAL_TIM_ConfigClockSource
                0x000000000800710c      0x18e ./Drivers/STM32F4xx_HAL_Driver/Src/stm32f4xx_hal_tim.o
                0x000000000800710c                HAL_TIM_ConfigClockSource
 .text.HAL_TIM_OC_DelayElapsedCallback
                0x000000000800729a       0x14 ./Drivers/STM32F4xx_HAL_Driver/Src/stm32f4xx_hal_tim.o
                0x000000000800729a                HAL_TIM_OC_DelayElapsedCallback
 .text.HAL_TIM_IC_CaptureCallback
                0x00000000080072ae       0x14 ./Drivers/STM32F4xx_HAL_Driver/Src/stm32f4xx_hal_tim.o
                0x00000000080072ae                HAL_TIM_IC_CaptureCallback
 .text.HAL_TIM_PWM_PulseFinishedCallback
                0x00000000080072c2       0x14 ./Drivers/STM32F4xx_HAL_Driver/Src/stm32f4xx_hal_tim.o
                0x00000000080072c2                HAL_TIM_PWM_PulseFinishedCallback
 .text.HAL_TIM_TriggerCallback
                0x00000000080072d6       0x14 ./Drivers/STM32F4xx_HAL_Driver/Src/stm32f4xx_hal_tim.o
                0x00000000080072d6                HAL_TIM_TriggerCallback
 *fill*         0x00000000080072ea        0x2 
 .text.TIM_Base_SetConfig
                0x00000000080072ec      0x140 ./Drivers/STM32F4xx_HAL_Driver/Src/stm32f4xx_hal_tim.o
                0x00000000080072ec                TIM_Base_SetConfig
 .text.TIM_OC1_SetConfig
                0x000000000800742c       0xe0 ./Drivers/STM32F4xx_HAL_Driver/Src/stm32f4xx_hal_tim.o
 .text.TIM_OC2_SetConfig
                0x000000000800750c       0xec ./Drivers/STM32F4xx_HAL_Driver/Src/stm32f4xx_hal_tim.o
                0x000000000800750c                TIM_OC2_SetConfig
 .text.TIM_OC3_SetConfig
                0x00000000080075f8       0xe8 ./Drivers/STM32F4xx_HAL_Driver/Src/stm32f4xx_hal_tim.o
 .text.TIM_OC4_SetConfig
                0x00000000080076e0       0xac ./Drivers/STM32F4xx_HAL_Driver/Src/stm32f4xx_hal_tim.o
 .text.TIM_TI1_ConfigInputStage
                0x000000000800778c       0x5e ./Drivers/STM32F4xx_HAL_Driver/Src/stm32f4xx_hal_tim.o
 .text.TIM_TI2_ConfigInputStage
                0x00000000080077ea       0x60 ./Drivers/STM32F4xx_HAL_Driver/Src/stm32f4xx_hal_tim.o
 .text.TIM_ITRx_SetConfig
                0x000000000800784a       0x36 ./Drivers/STM32F4xx_HAL_Driver/Src/stm32f4xx_hal_tim.o
 .text.TIM_ETR_SetConfig
                0x0000000008007880       0x40 ./Drivers/STM32F4xx_HAL_Driver/Src/stm32f4xx_hal_tim.o
                0x0000000008007880                TIM_ETR_SetConfig
 .text.TIM_CCxChannelCmd
                0x00000000080078c0       0x4a ./Drivers/STM32F4xx_HAL_Driver/Src/stm32f4xx_hal_tim.o
                0x00000000080078c0                TIM_CCxChannelCmd
 *fill*         0x000000000800790a        0x2 
 .text.HAL_TIMEx_MasterConfigSynchronization
                0x000000000800790c       0xf8 ./Drivers/STM32F4xx_HAL_Driver/Src/stm32f4xx_hal_tim_ex.o
                0x000000000800790c                HAL_TIMEx_MasterConfigSynchronization
 .text.HAL_TIMEx_ConfigBreakDeadTime
                0x0000000008007a04       0xa4 ./Drivers/STM32F4xx_HAL_Driver/Src/stm32f4xx_hal_tim_ex.o
                0x0000000008007a04                HAL_TIMEx_ConfigBreakDeadTime
 .text.HAL_TIMEx_CommutCallback
                0x0000000008007aa8       0x14 ./Drivers/STM32F4xx_HAL_Driver/Src/stm32f4xx_hal_tim_ex.o
                0x0000000008007aa8                HAL_TIMEx_CommutCallback
 .text.HAL_TIMEx_BreakCallback
                0x0000000008007abc       0x14 ./Drivers/STM32F4xx_HAL_Driver/Src/stm32f4xx_hal_tim_ex.o
                0x0000000008007abc                HAL_TIMEx_BreakCallback
 .text.__libc_init_array
                0x0000000008007ad0       0x48 c:/st/stm32cubeide_1.11.0/stm32cubeide/plugins/com.st.stm32cube.ide.mcu.externaltools.gnu-tools-for-stm32.10.3-2021.10.win32_1.0.100.202210260954/tools/bin/../lib/gcc/arm-none-eabi/10.3.1/../../../../arm-none-eabi/lib/thumb/v7e-m+fp/hard\libc_nano.a(lib_a-init.o)
                0x0000000008007ad0                __libc_init_array
 .text.memset   0x0000000008007b18       0x10 c:/st/stm32cubeide_1.11.0/stm32cubeide/plugins/com.st.stm32cube.ide.mcu.externaltools.gnu-tools-for-stm32.10.3-2021.10.win32_1.0.100.202210260954/tools/bin/../lib/gcc/arm-none-eabi/10.3.1/../../../../arm-none-eabi/lib/thumb/v7e-m+fp/hard\libc_nano.a(lib_a-memset.o)
                0x0000000008007b18                memset
 *(.glue_7)
 .glue_7        0x0000000008007b28        0x0 linker stubs
 *(.glue_7t)
 .glue_7t       0x0000000008007b28        0x0 linker stubs
 *(.eh_frame)
 .eh_frame      0x0000000008007b28        0x0 c:/st/stm32cubeide_1.11.0/stm32cubeide/plugins/com.st.stm32cube.ide.mcu.externaltools.gnu-tools-for-stm32.10.3-2021.10.win32_1.0.100.202210260954/tools/bin/../lib/gcc/arm-none-eabi/10.3.1/thumb/v7e-m+fp/hard/crtbegin.o
 *(.init)
 .init          0x0000000008007b28        0x4 c:/st/stm32cubeide_1.11.0/stm32cubeide/plugins/com.st.stm32cube.ide.mcu.externaltools.gnu-tools-for-stm32.10.3-2021.10.win32_1.0.100.202210260954/tools/bin/../lib/gcc/arm-none-eabi/10.3.1/thumb/v7e-m+fp/hard/crti.o
                0x0000000008007b28                _init
 .init          0x0000000008007b2c        0x8 c:/st/stm32cubeide_1.11.0/stm32cubeide/plugins/com.st.stm32cube.ide.mcu.externaltools.gnu-tools-for-stm32.10.3-2021.10.win32_1.0.100.202210260954/tools/bin/../lib/gcc/arm-none-eabi/10.3.1/thumb/v7e-m+fp/hard/crtn.o
 *(.fini)
 .fini          0x0000000008007b34        0x4 c:/st/stm32cubeide_1.11.0/stm32cubeide/plugins/com.st.stm32cube.ide.mcu.externaltools.gnu-tools-for-stm32.10.3-2021.10.win32_1.0.100.202210260954/tools/bin/../lib/gcc/arm-none-eabi/10.3.1/thumb/v7e-m+fp/hard/crti.o
                0x0000000008007b34                _fini
 .fini          0x0000000008007b38        0x8 c:/st/stm32cubeide_1.11.0/stm32cubeide/plugins/com.st.stm32cube.ide.mcu.externaltools.gnu-tools-for-stm32.10.3-2021.10.win32_1.0.100.202210260954/tools/bin/../lib/gcc/arm-none-eabi/10.3.1/thumb/v7e-m+fp/hard/crtn.o
                0x0000000008007b40                . = ALIGN (0x4)
                0x0000000008007b40                _etext = .

.vfp11_veneer   0x0000000008007b40        0x0
 .vfp11_veneer  0x0000000008007b40        0x0 linker stubs

.v4_bx          0x0000000008007b40        0x0
 .v4_bx         0x0000000008007b40        0x0 linker stubs

.iplt           0x0000000008007b40        0x0
 .iplt          0x0000000008007b40        0x0 c:/st/stm32cubeide_1.11.0/stm32cubeide/plugins/com.st.stm32cube.ide.mcu.externaltools.gnu-tools-for-stm32.10.3-2021.10.win32_1.0.100.202210260954/tools/bin/../lib/gcc/arm-none-eabi/10.3.1/thumb/v7e-m+fp/hard/crtbegin.o

.rodata         0x0000000008007b40       0xbc
                0x0000000008007b40                . = ALIGN (0x4)
 *(.rodata)
 .rodata        0x0000000008007b40       0x60 ./Core/Src/button.o
 .rodata        0x0000000008007ba0       0x10 ./Core/Src/encoder.o
 .rodata        0x0000000008007bb0       0x18 ./Core/Src/pot.o
 *(.rodata*)
 .rodata.note_frequencies
                0x0000000008007bc8       0x1a ./Core/Src/speaker.o
                0x0000000008007bc8                note_frequencies
 *fill*         0x0000000008007be2        0x2 
 .rodata.AHBPrescTable
                0x0000000008007be4       0x10 ./Core/Src/system_stm32f4xx.o
                0x0000000008007be4                AHBPrescTable
 .rodata.APBPrescTable
                0x0000000008007bf4        0x8 ./Core/Src/system_stm32f4xx.o
                0x0000000008007bf4                APBPrescTable
                0x0000000008007bfc                . = ALIGN (0x4)

.ARM.extab      0x0000000008007bfc        0x0
                0x0000000008007bfc                . = ALIGN (0x4)
 *(.ARM.extab* .gnu.linkonce.armextab.*)
                0x0000000008007bfc                . = ALIGN (0x4)

.ARM            0x0000000008007bfc        0x8
                0x0000000008007bfc                . = ALIGN (0x4)
                0x0000000008007bfc                __exidx_start = .
 *(.ARM.exidx*)
 .ARM.exidx     0x0000000008007bfc        0x8 c:/st/stm32cubeide_1.11.0/stm32cubeide/plugins/com.st.stm32cube.ide.mcu.externaltools.gnu-tools-for-stm32.10.3-2021.10.win32_1.0.100.202210260954/tools/bin/../lib/gcc/arm-none-eabi/10.3.1/thumb/v7e-m+fp/hard\libgcc.a(_udivmoddi4.o)
                0x0000000008007c04                __exidx_end = .
                0x0000000008007c04                . = ALIGN (0x4)

.rel.dyn        0x0000000008007c04        0x0
 .rel.iplt      0x0000000008007c04        0x0 c:/st/stm32cubeide_1.11.0/stm32cubeide/plugins/com.st.stm32cube.ide.mcu.externaltools.gnu-tools-for-stm32.10.3-2021.10.win32_1.0.100.202210260954/tools/bin/../lib/gcc/arm-none-eabi/10.3.1/thumb/v7e-m+fp/hard/crtbegin.o

.preinit_array  0x0000000008007c04        0x0
                0x0000000008007c04                . = ALIGN (0x4)
                0x0000000008007c04                PROVIDE (__preinit_array_start = .)
 *(.preinit_array*)
                0x0000000008007c04                PROVIDE (__preinit_array_end = .)
                0x0000000008007c04                . = ALIGN (0x4)

.init_array     0x0000000008007c04        0x4
                0x0000000008007c04                . = ALIGN (0x4)
                0x0000000008007c04                PROVIDE (__init_array_start = .)
 *(SORT_BY_NAME(.init_array.*))
 *(.init_array*)
 .init_array    0x0000000008007c04        0x4 c:/st/stm32cubeide_1.11.0/stm32cubeide/plugins/com.st.stm32cube.ide.mcu.externaltools.gnu-tools-for-stm32.10.3-2021.10.win32_1.0.100.202210260954/tools/bin/../lib/gcc/arm-none-eabi/10.3.1/thumb/v7e-m+fp/hard/crtbegin.o
                0x0000000008007c08                PROVIDE (__init_array_end = .)
                0x0000000008007c08                . = ALIGN (0x4)

.fini_array     0x0000000008007c08        0x4
                0x0000000008007c08                . = ALIGN (0x4)
                [!provide]                        PROVIDE (__fini_array_start = .)
 *(SORT_BY_NAME(.fini_array.*))
 *(.fini_array*)
 .fini_array    0x0000000008007c08        0x4 c:/st/stm32cubeide_1.11.0/stm32cubeide/plugins/com.st.stm32cube.ide.mcu.externaltools.gnu-tools-for-stm32.10.3-2021.10.win32_1.0.100.202210260954/tools/bin/../lib/gcc/arm-none-eabi/10.3.1/thumb/v7e-m+fp/hard/crtbegin.o
                [!provide]                        PROVIDE (__fini_array_end = .)
                0x0000000008007c0c                . = ALIGN (0x4)
                0x0000000008007c0c                _sidata = LOADADDR (.data)

.data           0x0000000020000000    0x12c5c load address 0x0000000008007c0c
                0x0000000020000000                . = ALIGN (0x4)
                0x0000000020000000                _sdata = .
 *(.data)
 *(.data*)
 .data.button_list
                0x0000000020000000       0x20 ./Core/Src/button.o
 .data.encoder_list
                0x0000000020000020        0x4 ./Core/Src/encoder.o
 .data.digit_patterns
                0x0000000020000024        0xa ./Core/Src/gfx.o
 *fill*         0x000000002000002e        0x2 
 .data.drive_mode_background_img
                0x0000000020000030    0x12c00 ./Core/Src/img.o
                0x0000000020000030                drive_mode_background_img
 .data.pot_list
                0x0000000020012c30       0x10 ./Core/Src/pot.o
 .data.SystemCoreClock
                0x0000000020012c40        0x4 ./Core/Src/system_stm32f4xx.o
                0x0000000020012c40                SystemCoreClock
 .data.background_img
                0x0000000020012c44       0x10 ./Core/Src/ui.o
                0x0000000020012c44                background_img
 .data.uwTickPrio
                0x0000000020012c54        0x4 ./Drivers/STM32F4xx_HAL_Driver/Src/stm32f4xx_hal.o
                0x0000000020012c54                uwTickPrio
 .data.uwTickFreq
                0x0000000020012c58        0x1 ./Drivers/STM32F4xx_HAL_Driver/Src/stm32f4xx_hal.o
                0x0000000020012c58                uwTickFreq
 *(.RamFunc)
 *(.RamFunc*)
                0x0000000020012c5c                . = ALIGN (0x4)
 *fill*         0x0000000020012c59        0x3 
                0x0000000020012c5c                _edata = .

.igot.plt       0x0000000020012c5c        0x0 load address 0x000000000801a868
 .igot.plt      0x0000000020012c5c        0x0 c:/st/stm32cubeide_1.11.0/stm32cubeide/plugins/com.st.stm32cube.ide.mcu.externaltools.gnu-tools-for-stm32.10.3-2021.10.win32_1.0.100.202210260954/tools/bin/../lib/gcc/arm-none-eabi/10.3.1/thumb/v7e-m+fp/hard/crtbegin.o
                0x0000000020012c5c                . = ALIGN (0x4)

.bss            0x0000000020012c5c      0x2e4 load address 0x000000000801a868
                0x0000000020012c5c                _sbss = .
                0x0000000020012c5c                __bss_start__ = _sbss
 *(.bss)
 .bss           0x0000000020012c5c       0x1c c:/st/stm32cubeide_1.11.0/stm32cubeide/plugins/com.st.stm32cube.ide.mcu.externaltools.gnu-tools-for-stm32.10.3-2021.10.win32_1.0.100.202210260954/tools/bin/../lib/gcc/arm-none-eabi/10.3.1/thumb/v7e-m+fp/hard/crtbegin.o
 *(.bss*)
 .bss.btn1      0x0000000020012c78        0xc ./Core/Src/button.o
 .bss.btn2      0x0000000020012c84        0xc ./Core/Src/button.o
 .bss.btn3      0x0000000020012c90        0xc ./Core/Src/button.o
 .bss.btn4      0x0000000020012c9c        0xc ./Core/Src/button.o
 .bss.btn5      0x0000000020012ca8        0xc ./Core/Src/button.o
 .bss.btn6      0x0000000020012cb4        0xc ./Core/Src/button.o
 .bss.btn7      0x0000000020012cc0        0xc ./Core/Src/button.o
 .bss.btn8      0x0000000020012ccc        0xc ./Core/Src/button.o
 .bss.enc1      0x0000000020012cd8       0x10 ./Core/Src/encoder.o
 .bss.background_color
                0x0000000020012ce8        0x1 ./Core/Src/gfx.o
 *fill*         0x0000000020012ce9        0x3 
 .bss.hadc1     0x0000000020012cec       0x48 ./Core/Src/init.o
                0x0000000020012cec                hadc1
 .bss.hcan1     0x0000000020012d34       0x28 ./Core/Src/init.o
                0x0000000020012d34                hcan1
 .bss.hi2c1     0x0000000020012d5c       0x54 ./Core/Src/init.o
                0x0000000020012d5c                hi2c1
 .bss.hspi4     0x0000000020012db0       0x58 ./Core/Src/init.o
                0x0000000020012db0                hspi4
 .bss.htim2     0x0000000020012e08       0x48 ./Core/Src/init.o
                0x0000000020012e08                htim2
 .bss.htim3     0x0000000020012e50       0x48 ./Core/Src/init.o
                0x0000000020012e50                htim3
 .bss.htim8     0x0000000020012e98       0x48 ./Core/Src/init.o
                0x0000000020012e98                htim8
 .bss.pot1      0x0000000020012ee0        0x8 ./Core/Src/pot.o
 .bss.pot2      0x0000000020012ee8        0x8 ./Core/Src/pot.o
 .bss.pot3      0x0000000020012ef0        0x8 ./Core/Src/pot.o
 .bss.pot4      0x0000000020012ef8        0x8 ./Core/Src/pot.o
 .bss.current_pot
                0x0000000020012f00        0x1 ./Core/Src/pot.o
 *fill*         0x0000000020012f01        0x3 
 .bss.sConfig   0x0000000020012f04       0x10 ./Core/Src/pot.o
                0x0000000020012f04                sConfig
 .bss.sConfigOC
                0x0000000020012f14       0x1c ./Core/Src/speaker.o
 .bss.time_elapsed
                0x0000000020012f30        0x4 ./Core/Src/timer.o
 .bss.current_ms
                0x0000000020012f34        0x2 ./Core/Src/timer.o
 *fill*         0x0000000020012f36        0x2 
 .bss.lap_time_start
                0x0000000020012f38        0x4 ./Core/Src/ui.o
 .bss.uwTick    0x0000000020012f3c        0x4 ./Drivers/STM32F4xx_HAL_Driver/Src/stm32f4xx_hal.o
                0x0000000020012f3c                uwTick
 *(COMMON)
                0x0000000020012f40                . = ALIGN (0x4)
                0x0000000020012f40                _ebss = .
                0x0000000020012f40                __bss_end__ = _ebss

._user_heap_stack
                0x0000000020012f40      0x600 load address 0x000000000801a868
                0x0000000020012f40                . = ALIGN (0x8)
                [!provide]                        PROVIDE (end = .)
                0x0000000020012f40                PROVIDE (_end = .)
                0x0000000020013140                . = (. + _Min_Heap_Size)
 *fill*         0x0000000020012f40      0x200 
                0x0000000020013540                . = (. + _Min_Stack_Size)
 *fill*         0x0000000020013140      0x400 
                0x0000000020013540                . = ALIGN (0x8)

/DISCARD/
 libc.a(*)
 libm.a(*)
 libgcc.a(*)

.ARM.attributes
                0x0000000000000000       0x30
 *(.ARM.attributes)
 .ARM.attributes
                0x0000000000000000       0x1e c:/st/stm32cubeide_1.11.0/stm32cubeide/plugins/com.st.stm32cube.ide.mcu.externaltools.gnu-tools-for-stm32.10.3-2021.10.win32_1.0.100.202210260954/tools/bin/../lib/gcc/arm-none-eabi/10.3.1/thumb/v7e-m+fp/hard/crti.o
 .ARM.attributes
                0x000000000000001e       0x34 c:/st/stm32cubeide_1.11.0/stm32cubeide/plugins/com.st.stm32cube.ide.mcu.externaltools.gnu-tools-for-stm32.10.3-2021.10.win32_1.0.100.202210260954/tools/bin/../lib/gcc/arm-none-eabi/10.3.1/thumb/v7e-m+fp/hard/crtbegin.o
 .ARM.attributes
                0x0000000000000052       0x34 ./Core/Src/button.o
 .ARM.attributes
                0x0000000000000086       0x34 ./Core/Src/display.o
 .ARM.attributes
                0x00000000000000ba       0x34 ./Core/Src/encoder.o
 .ARM.attributes
                0x00000000000000ee       0x34 ./Core/Src/gfx.o
 .ARM.attributes
                0x0000000000000122       0x34 ./Core/Src/hvil.o
 .ARM.attributes
                0x0000000000000156       0x34 ./Core/Src/img.o
 .ARM.attributes
                0x000000000000018a       0x34 ./Core/Src/init.o
 .ARM.attributes
                0x00000000000001be       0x34 ./Core/Src/led.o
 .ARM.attributes
                0x00000000000001f2       0x34 ./Core/Src/main.o
 .ARM.attributes
                0x0000000000000226       0x34 ./Core/Src/pot.o
 .ARM.attributes
                0x000000000000025a       0x34 ./Core/Src/speaker.o
 .ARM.attributes
                0x000000000000028e       0x34 ./Core/Src/stm32f4xx_hal_msp.o
 .ARM.attributes
                0x00000000000002c2       0x34 ./Core/Src/stm32f4xx_it.o
 .ARM.attributes
                0x00000000000002f6       0x34 ./Core/Src/system_stm32f4xx.o
 .ARM.attributes
                0x000000000000032a       0x34 ./Core/Src/timer.o
 .ARM.attributes
                0x000000000000035e       0x34 ./Core/Src/ui.o
 .ARM.attributes
                0x0000000000000392       0x21 ./Core/Startup/startup_stm32f412vetx.o
 .ARM.attributes
                0x00000000000003b3       0x34 ./Drivers/STM32F4xx_HAL_Driver/Src/stm32f4xx_hal.o
 .ARM.attributes
                0x00000000000003e7       0x34 ./Drivers/STM32F4xx_HAL_Driver/Src/stm32f4xx_hal_adc.o
 .ARM.attributes
                0x000000000000041b       0x34 ./Drivers/STM32F4xx_HAL_Driver/Src/stm32f4xx_hal_can.o
 .ARM.attributes
                0x000000000000044f       0x34 ./Drivers/STM32F4xx_HAL_Driver/Src/stm32f4xx_hal_cortex.o
 .ARM.attributes
                0x0000000000000483       0x34 ./Drivers/STM32F4xx_HAL_Driver/Src/stm32f4xx_hal_dma.o
 .ARM.attributes
                0x00000000000004b7       0x34 ./Drivers/STM32F4xx_HAL_Driver/Src/stm32f4xx_hal_gpio.o
 .ARM.attributes
                0x00000000000004eb       0x34 ./Drivers/STM32F4xx_HAL_Driver/Src/stm32f4xx_hal_i2c.o
 .ARM.attributes
                0x000000000000051f       0x34 ./Drivers/STM32F4xx_HAL_Driver/Src/stm32f4xx_hal_rcc.o
 .ARM.attributes
                0x0000000000000553       0x34 ./Drivers/STM32F4xx_HAL_Driver/Src/stm32f4xx_hal_rcc_ex.o
 .ARM.attributes
                0x0000000000000587       0x34 ./Drivers/STM32F4xx_HAL_Driver/Src/stm32f4xx_hal_spi.o
 .ARM.attributes
                0x00000000000005bb       0x34 ./Drivers/STM32F4xx_HAL_Driver/Src/stm32f4xx_hal_tim.o
 .ARM.attributes
                0x00000000000005ef       0x34 ./Drivers/STM32F4xx_HAL_Driver/Src/stm32f4xx_hal_tim_ex.o
 .ARM.attributes
                0x0000000000000623       0x34 c:/st/stm32cubeide_1.11.0/stm32cubeide/plugins/com.st.stm32cube.ide.mcu.externaltools.gnu-tools-for-stm32.10.3-2021.10.win32_1.0.100.202210260954/tools/bin/../lib/gcc/arm-none-eabi/10.3.1/../../../../arm-none-eabi/lib/thumb/v7e-m+fp/hard\libc_nano.a(lib_a-init.o)
 .ARM.attributes
                0x0000000000000657       0x34 c:/st/stm32cubeide_1.11.0/stm32cubeide/plugins/com.st.stm32cube.ide.mcu.externaltools.gnu-tools-for-stm32.10.3-2021.10.win32_1.0.100.202210260954/tools/bin/../lib/gcc/arm-none-eabi/10.3.1/../../../../arm-none-eabi/lib/thumb/v7e-m+fp/hard\libc_nano.a(lib_a-memset.o)
 .ARM.attributes
                0x000000000000068b       0x1e c:/st/stm32cubeide_1.11.0/stm32cubeide/plugins/com.st.stm32cube.ide.mcu.externaltools.gnu-tools-for-stm32.10.3-2021.10.win32_1.0.100.202210260954/tools/bin/../lib/gcc/arm-none-eabi/10.3.1/thumb/v7e-m+fp/hard\libgcc.a(_aeabi_uldivmod.o)
 .ARM.attributes
                0x00000000000006a9       0x34 c:/st/stm32cubeide_1.11.0/stm32cubeide/plugins/com.st.stm32cube.ide.mcu.externaltools.gnu-tools-for-stm32.10.3-2021.10.win32_1.0.100.202210260954/tools/bin/../lib/gcc/arm-none-eabi/10.3.1/thumb/v7e-m+fp/hard\libgcc.a(_udivmoddi4.o)
 .ARM.attributes
                0x00000000000006dd       0x1e c:/st/stm32cubeide_1.11.0/stm32cubeide/plugins/com.st.stm32cube.ide.mcu.externaltools.gnu-tools-for-stm32.10.3-2021.10.win32_1.0.100.202210260954/tools/bin/../lib/gcc/arm-none-eabi/10.3.1/thumb/v7e-m+fp/hard\libgcc.a(_dvmd_tls.o)
 .ARM.attributes
                0x00000000000006fb       0x1e c:/st/stm32cubeide_1.11.0/stm32cubeide/plugins/com.st.stm32cube.ide.mcu.externaltools.gnu-tools-for-stm32.10.3-2021.10.win32_1.0.100.202210260954/tools/bin/../lib/gcc/arm-none-eabi/10.3.1/thumb/v7e-m+fp/hard/crtn.o
OUTPUT(CaltechRacingDashboard.elf elf32-littlearm)
LOAD linker stubs
LOAD c:/st/stm32cubeide_1.11.0/stm32cubeide/plugins/com.st.stm32cube.ide.mcu.externaltools.gnu-tools-for-stm32.10.3-2021.10.win32_1.0.100.202210260954/tools/bin/../lib/gcc/arm-none-eabi/10.3.1/../../../../arm-none-eabi/lib/thumb/v7e-m+fp/hard\libc.a
LOAD c:/st/stm32cubeide_1.11.0/stm32cubeide/plugins/com.st.stm32cube.ide.mcu.externaltools.gnu-tools-for-stm32.10.3-2021.10.win32_1.0.100.202210260954/tools/bin/../lib/gcc/arm-none-eabi/10.3.1/../../../../arm-none-eabi/lib/thumb/v7e-m+fp/hard\libm.a
LOAD c:/st/stm32cubeide_1.11.0/stm32cubeide/plugins/com.st.stm32cube.ide.mcu.externaltools.gnu-tools-for-stm32.10.3-2021.10.win32_1.0.100.202210260954/tools/bin/../lib/gcc/arm-none-eabi/10.3.1/thumb/v7e-m+fp/hard\libgcc.a

.debug_info     0x0000000000000000    0x15de6
 .debug_info    0x0000000000000000      0x41f ./Core/Src/button.o
 .debug_info    0x000000000000041f      0x8db ./Core/Src/display.o
 .debug_info    0x0000000000000cfa      0x3a4 ./Core/Src/encoder.o
 .debug_info    0x000000000000109e      0x3f5 ./Core/Src/gfx.o
 .debug_info    0x0000000000001493      0x1e4 ./Core/Src/hvil.o
 .debug_info    0x0000000000001677       0xc9 ./Core/Src/img.o
 .debug_info    0x0000000000001740     0x1d7b ./Core/Src/init.o
 .debug_info    0x00000000000034bb      0x286 ./Core/Src/led.o
 .debug_info    0x0000000000003741      0x19c ./Core/Src/main.o
 .debug_info    0x00000000000038dd      0x827 ./Core/Src/pot.o
 .debug_info    0x0000000000004104      0x897 ./Core/Src/speaker.o
 .debug_info    0x000000000000499b     0x1b78 ./Core/Src/stm32f4xx_hal_msp.o
 .debug_info    0x0000000000006513     0x1169 ./Core/Src/stm32f4xx_it.o
 .debug_info    0x000000000000767c      0x55b ./Core/Src/system_stm32f4xx.o
 .debug_info    0x0000000000007bd7      0x7dc ./Core/Src/timer.o
 .debug_info    0x00000000000083b3      0x372 ./Core/Src/ui.o
 .debug_info    0x0000000000008725       0x22 ./Core/Startup/startup_stm32f412vetx.o
 .debug_info    0x0000000000008747      0x9a2 ./Drivers/STM32F4xx_HAL_Driver/Src/stm32f4xx_hal.o
 .debug_info    0x00000000000090e9      0xd70 ./Drivers/STM32F4xx_HAL_Driver/Src/stm32f4xx_hal_adc.o
 .debug_info    0x0000000000009e59      0xfbe ./Drivers/STM32F4xx_HAL_Driver/Src/stm32f4xx_hal_can.o
 .debug_info    0x000000000000ae17      0xe09 ./Drivers/STM32F4xx_HAL_Driver/Src/stm32f4xx_hal_cortex.o
 .debug_info    0x000000000000bc20      0x94f ./Drivers/STM32F4xx_HAL_Driver/Src/stm32f4xx_hal_dma.o
 .debug_info    0x000000000000c56f      0x7be ./Drivers/STM32F4xx_HAL_Driver/Src/stm32f4xx_hal_gpio.o
 .debug_info    0x000000000000cd2d     0x2617 ./Drivers/STM32F4xx_HAL_Driver/Src/stm32f4xx_hal_i2c.o
 .debug_info    0x000000000000f344      0x9ab ./Drivers/STM32F4xx_HAL_Driver/Src/stm32f4xx_hal_rcc.o
 .debug_info    0x000000000000fcef      0x801 ./Drivers/STM32F4xx_HAL_Driver/Src/stm32f4xx_hal_rcc_ex.o
 .debug_info    0x00000000000104f0     0x1758 ./Drivers/STM32F4xx_HAL_Driver/Src/stm32f4xx_hal_spi.o
 .debug_info    0x0000000000011c48     0x2bbe ./Drivers/STM32F4xx_HAL_Driver/Src/stm32f4xx_hal_tim.o
 .debug_info    0x0000000000014806     0x15e0 ./Drivers/STM32F4xx_HAL_Driver/Src/stm32f4xx_hal_tim_ex.o

.debug_abbrev   0x0000000000000000     0x3458
 .debug_abbrev  0x0000000000000000      0x1c4 ./Core/Src/button.o
 .debug_abbrev  0x00000000000001c4      0x1d5 ./Core/Src/display.o
 .debug_abbrev  0x0000000000000399      0x1af ./Core/Src/encoder.o
 .debug_abbrev  0x0000000000000548      0x10d ./Core/Src/gfx.o
 .debug_abbrev  0x0000000000000655      0x10e ./Core/Src/hvil.o
 .debug_abbrev  0x0000000000000763       0x79 ./Core/Src/img.o
 .debug_abbrev  0x00000000000007dc      0x276 ./Core/Src/init.o
 .debug_abbrev  0x0000000000000a52      0x11d ./Core/Src/led.o
 .debug_abbrev  0x0000000000000b6f       0xda ./Core/Src/main.o
 .debug_abbrev  0x0000000000000c49      0x1e4 ./Core/Src/pot.o
 .debug_abbrev  0x0000000000000e2d      0x1ba ./Core/Src/speaker.o
 .debug_abbrev  0x0000000000000fe7      0x261 ./Core/Src/stm32f4xx_hal_msp.o
 .debug_abbrev  0x0000000000001248      0x1f1 ./Core/Src/stm32f4xx_it.o
 .debug_abbrev  0x0000000000001439      0x116 ./Core/Src/system_stm32f4xx.o
 .debug_abbrev  0x000000000000154f      0x1bf ./Core/Src/timer.o
 .debug_abbrev  0x000000000000170e      0x14b ./Core/Src/ui.o
 .debug_abbrev  0x0000000000001859       0x12 ./Core/Startup/startup_stm32f412vetx.o
 .debug_abbrev  0x000000000000186b      0x20d ./Drivers/STM32F4xx_HAL_Driver/Src/stm32f4xx_hal.o
 .debug_abbrev  0x0000000000001a78      0x244 ./Drivers/STM32F4xx_HAL_Driver/Src/stm32f4xx_hal_adc.o
 .debug_abbrev  0x0000000000001cbc      0x21d ./Drivers/STM32F4xx_HAL_Driver/Src/stm32f4xx_hal_can.o
 .debug_abbrev  0x0000000000001ed9      0x316 ./Drivers/STM32F4xx_HAL_Driver/Src/stm32f4xx_hal_cortex.o
 .debug_abbrev  0x00000000000021ef      0x25b ./Drivers/STM32F4xx_HAL_Driver/Src/stm32f4xx_hal_dma.o
 .debug_abbrev  0x000000000000244a      0x1c4 ./Drivers/STM32F4xx_HAL_Driver/Src/stm32f4xx_hal_gpio.o
 .debug_abbrev  0x000000000000260e      0x297 ./Drivers/STM32F4xx_HAL_Driver/Src/stm32f4xx_hal_i2c.o
 .debug_abbrev  0x00000000000028a5      0x2aa ./Drivers/STM32F4xx_HAL_Driver/Src/stm32f4xx_hal_rcc.o
 .debug_abbrev  0x0000000000002b4f      0x1d9 ./Drivers/STM32F4xx_HAL_Driver/Src/stm32f4xx_hal_rcc_ex.o
 .debug_abbrev  0x0000000000002d28      0x26e ./Drivers/STM32F4xx_HAL_Driver/Src/stm32f4xx_hal_spi.o
 .debug_abbrev  0x0000000000002f96      0x25d ./Drivers/STM32F4xx_HAL_Driver/Src/stm32f4xx_hal_tim.o
 .debug_abbrev  0x00000000000031f3      0x265 ./Drivers/STM32F4xx_HAL_Driver/Src/stm32f4xx_hal_tim_ex.o

.debug_aranges  0x0000000000000000     0x1410
 .debug_aranges
                0x0000000000000000       0x38 ./Core/Src/button.o
 .debug_aranges
                0x0000000000000038       0x58 ./Core/Src/display.o
 .debug_aranges
                0x0000000000000090       0x40 ./Core/Src/encoder.o
 .debug_aranges
                0x00000000000000d0       0x50 ./Core/Src/gfx.o
 .debug_aranges
                0x0000000000000120       0x30 ./Core/Src/hvil.o
 .debug_aranges
                0x0000000000000150       0x18 ./Core/Src/img.o
 .debug_aranges
                0x0000000000000168       0x68 ./Core/Src/init.o
 .debug_aranges
                0x00000000000001d0       0x38 ./Core/Src/led.o
 .debug_aranges
                0x0000000000000208       0x28 ./Core/Src/main.o
 .debug_aranges
                0x0000000000000230       0x30 ./Core/Src/pot.o
 .debug_aranges
                0x0000000000000260       0x28 ./Core/Src/speaker.o
 .debug_aranges
                0x0000000000000288       0x88 ./Core/Src/stm32f4xx_hal_msp.o
 .debug_aranges
                0x0000000000000310       0x90 ./Core/Src/stm32f4xx_it.o
 .debug_aranges
                0x00000000000003a0       0x28 ./Core/Src/system_stm32f4xx.o
 .debug_aranges
                0x00000000000003c8       0x28 ./Core/Src/timer.o
 .debug_aranges
                0x00000000000003f0       0x58 ./Core/Src/ui.o
 .debug_aranges
                0x0000000000000448       0x28 ./Core/Startup/startup_stm32f412vetx.o
 .debug_aranges
                0x0000000000000470       0xf0 ./Drivers/STM32F4xx_HAL_Driver/Src/stm32f4xx_hal.o
 .debug_aranges
                0x0000000000000560       0xe8 ./Drivers/STM32F4xx_HAL_Driver/Src/stm32f4xx_hal_adc.o
 .debug_aranges
                0x0000000000000648      0x138 ./Drivers/STM32F4xx_HAL_Driver/Src/stm32f4xx_hal_can.o
 .debug_aranges
                0x0000000000000780      0x118 ./Drivers/STM32F4xx_HAL_Driver/Src/stm32f4xx_hal_cortex.o
 .debug_aranges
                0x0000000000000898       0x90 ./Drivers/STM32F4xx_HAL_Driver/Src/stm32f4xx_hal_dma.o
 .debug_aranges
                0x0000000000000928       0x58 ./Drivers/STM32F4xx_HAL_Driver/Src/stm32f4xx_hal_gpio.o
 .debug_aranges
                0x0000000000000980      0x2a0 ./Drivers/STM32F4xx_HAL_Driver/Src/stm32f4xx_hal_i2c.o
 .debug_aranges
                0x0000000000000c20       0x88 ./Drivers/STM32F4xx_HAL_Driver/Src/stm32f4xx_hal_rcc.o
 .debug_aranges
                0x0000000000000ca8       0x60 ./Drivers/STM32F4xx_HAL_Driver/Src/stm32f4xx_hal_rcc_ex.o
 .debug_aranges
                0x0000000000000d08      0x1d0 ./Drivers/STM32F4xx_HAL_Driver/Src/stm32f4xx_hal_spi.o
 .debug_aranges
                0x0000000000000ed8      0x3d0 ./Drivers/STM32F4xx_HAL_Driver/Src/stm32f4xx_hal_tim.o
 .debug_aranges
                0x00000000000012a8      0x168 ./Drivers/STM32F4xx_HAL_Driver/Src/stm32f4xx_hal_tim_ex.o

.debug_ranges   0x0000000000000000     0x1258
 .debug_ranges  0x0000000000000000       0x28 ./Core/Src/button.o
 .debug_ranges  0x0000000000000028       0x48 ./Core/Src/display.o
 .debug_ranges  0x0000000000000070       0x30 ./Core/Src/encoder.o
 .debug_ranges  0x00000000000000a0       0x40 ./Core/Src/gfx.o
 .debug_ranges  0x00000000000000e0       0x20 ./Core/Src/hvil.o
 .debug_ranges  0x0000000000000100       0x58 ./Core/Src/init.o
 .debug_ranges  0x0000000000000158       0x28 ./Core/Src/led.o
 .debug_ranges  0x0000000000000180       0x18 ./Core/Src/main.o
 .debug_ranges  0x0000000000000198       0x20 ./Core/Src/pot.o
 .debug_ranges  0x00000000000001b8       0x18 ./Core/Src/speaker.o
 .debug_ranges  0x00000000000001d0       0x78 ./Core/Src/stm32f4xx_hal_msp.o
 .debug_ranges  0x0000000000000248       0x80 ./Core/Src/stm32f4xx_it.o
 .debug_ranges  0x00000000000002c8       0x18 ./Core/Src/system_stm32f4xx.o
 .debug_ranges  0x00000000000002e0       0x18 ./Core/Src/timer.o
 .debug_ranges  0x00000000000002f8       0x48 ./Core/Src/ui.o
 .debug_ranges  0x0000000000000340       0x20 ./Core/Startup/startup_stm32f412vetx.o
 .debug_ranges  0x0000000000000360       0xe0 ./Drivers/STM32F4xx_HAL_Driver/Src/stm32f4xx_hal.o
 .debug_ranges  0x0000000000000440       0xd8 ./Drivers/STM32F4xx_HAL_Driver/Src/stm32f4xx_hal_adc.o
 .debug_ranges  0x0000000000000518      0x128 ./Drivers/STM32F4xx_HAL_Driver/Src/stm32f4xx_hal_can.o
 .debug_ranges  0x0000000000000640      0x108 ./Drivers/STM32F4xx_HAL_Driver/Src/stm32f4xx_hal_cortex.o
 .debug_ranges  0x0000000000000748       0x80 ./Drivers/STM32F4xx_HAL_Driver/Src/stm32f4xx_hal_dma.o
 .debug_ranges  0x00000000000007c8       0x48 ./Drivers/STM32F4xx_HAL_Driver/Src/stm32f4xx_hal_gpio.o
 .debug_ranges  0x0000000000000810      0x2a8 ./Drivers/STM32F4xx_HAL_Driver/Src/stm32f4xx_hal_i2c.o
 .debug_ranges  0x0000000000000ab8       0x78 ./Drivers/STM32F4xx_HAL_Driver/Src/stm32f4xx_hal_rcc.o
 .debug_ranges  0x0000000000000b30       0x50 ./Drivers/STM32F4xx_HAL_Driver/Src/stm32f4xx_hal_rcc_ex.o
 .debug_ranges  0x0000000000000b80      0x1c0 ./Drivers/STM32F4xx_HAL_Driver/Src/stm32f4xx_hal_spi.o
 .debug_ranges  0x0000000000000d40      0x3c0 ./Drivers/STM32F4xx_HAL_Driver/Src/stm32f4xx_hal_tim.o
 .debug_ranges  0x0000000000001100      0x158 ./Drivers/STM32F4xx_HAL_Driver/Src/stm32f4xx_hal_tim_ex.o

.debug_macro    0x0000000000000000    0x22831
 .debug_macro   0x0000000000000000      0x267 ./Core/Src/button.o
 .debug_macro   0x0000000000000267      0xa78 ./Core/Src/button.o
 .debug_macro   0x0000000000000cdf      0x174 ./Core/Src/button.o
 .debug_macro   0x0000000000000e53       0x22 ./Core/Src/button.o
 .debug_macro   0x0000000000000e75       0x8e ./Core/Src/button.o
 .debug_macro   0x0000000000000f03       0x51 ./Core/Src/button.o
 .debug_macro   0x0000000000000f54      0x103 ./Core/Src/button.o
 .debug_macro   0x0000000000001057       0x6a ./Core/Src/button.o
 .debug_macro   0x00000000000010c1      0x1df ./Core/Src/button.o
 .debug_macro   0x00000000000012a0       0x22 ./Core/Src/button.o
 .debug_macro   0x00000000000012c2      0x2ad ./Core/Src/button.o
 .debug_macro   0x000000000000156f       0x2e ./Core/Src/button.o
 .debug_macro   0x000000000000159d       0x28 ./Core/Src/button.o
 .debug_macro   0x00000000000015c5       0x1c ./Core/Src/button.o
 .debug_macro   0x00000000000015e1       0x22 ./Core/Src/button.o
 .debug_macro   0x0000000000001603       0xd9 ./Core/Src/button.o
 .debug_macro   0x00000000000016dc     0x102d ./Core/Src/button.o
 .debug_macro   0x0000000000002709      0x11f ./Core/Src/button.o
 .debug_macro   0x0000000000002828    0x146e9 ./Core/Src/button.o
 .debug_macro   0x0000000000016f11       0x6d ./Core/Src/button.o
 .debug_macro   0x0000000000016f7e     0x367e ./Core/Src/button.o
 .debug_macro   0x000000000001a5fc       0x5c ./Core/Src/button.o
 .debug_macro   0x000000000001a658      0x917 ./Core/Src/button.o
 .debug_macro   0x000000000001af6f      0x9fe ./Core/Src/button.o
 .debug_macro   0x000000000001b96d      0x115 ./Core/Src/button.o
 .debug_macro   0x000000000001ba82      0x192 ./Core/Src/button.o
 .debug_macro   0x000000000001bc14       0xa5 ./Core/Src/button.o
 .debug_macro   0x000000000001bcb9      0x15f ./Core/Src/button.o
 .debug_macro   0x000000000001be18      0x287 ./Core/Src/button.o
 .debug_macro   0x000000000001c09f       0x5f ./Core/Src/button.o
 .debug_macro   0x000000000001c0fe      0x236 ./Core/Src/button.o
 .debug_macro   0x000000000001c334      0x9e1 ./Core/Src/button.o
 .debug_macro   0x000000000001cd15      0x38b ./Core/Src/button.o
 .debug_macro   0x000000000001d0a0      0x176 ./Core/Src/button.o
 .debug_macro   0x000000000001d216       0xf9 ./Core/Src/button.o
 .debug_macro   0x000000000001d30f      0x40f ./Core/Src/button.o
 .debug_macro   0x000000000001d71e      0x132 ./Core/Src/button.o
 .debug_macro   0x000000000001d850      0x29c ./Core/Src/button.o
 .debug_macro   0x000000000001daec       0x2e ./Core/Src/button.o
 .debug_macro   0x000000000001db1a      0x1b5 ./Core/Src/button.o
 .debug_macro   0x000000000001dccf       0x22 ./Core/Src/button.o
 .debug_macro   0x000000000001dcf1       0xd6 ./Core/Src/button.o
 .debug_macro   0x000000000001ddc7      0x11a ./Core/Src/button.o
 .debug_macro   0x000000000001dee1       0x91 ./Core/Src/button.o
 .debug_macro   0x000000000001df72       0x89 ./Core/Src/button.o
 .debug_macro   0x000000000001dffb      0x225 ./Core/Src/button.o
 .debug_macro   0x000000000001e220      0x8e6 ./Core/Src/button.o
 .debug_macro   0x000000000001eb06       0x47 ./Core/Src/button.o
 .debug_macro   0x000000000001eb4d      0x126 ./Core/Src/button.o
 .debug_macro   0x000000000001ec73      0x1ac ./Core/Src/button.o
 .debug_macro   0x000000000001ee1f       0x16 ./Core/Src/button.o
 .debug_macro   0x000000000001ee35       0x34 ./Core/Src/button.o
 .debug_macro   0x000000000001ee69      0x23b ./Core/Src/display.o
 .debug_macro   0x000000000001f0a4       0xee ./Core/Src/display.o
 .debug_macro   0x000000000001f192      0x232 ./Core/Src/encoder.o
 .debug_macro   0x000000000001f3c4      0x279 ./Core/Src/gfx.o
 .debug_macro   0x000000000001f63d      0x23b ./Core/Src/hvil.o
 .debug_macro   0x000000000001f878       0x6c ./Core/Src/img.o
 .debug_macro   0x000000000001f8e4      0x232 ./Core/Src/init.o
 .debug_macro   0x000000000001fb16      0x232 ./Core/Src/led.o
 .debug_macro   0x000000000001fd48      0x2d8 ./Core/Src/main.o
 .debug_macro   0x0000000000020020      0x250 ./Core/Src/pot.o
 .debug_macro   0x0000000000020270      0x232 ./Core/Src/speaker.o
 .debug_macro   0x00000000000204a2      0x228 ./Core/Src/stm32f4xx_hal_msp.o
 .debug_macro   0x00000000000206ca      0x232 ./Core/Src/stm32f4xx_it.o
 .debug_macro   0x00000000000208fc      0x219 ./Core/Src/system_stm32f4xx.o
 .debug_macro   0x0000000000020b15      0x263 ./Core/Src/timer.o
 .debug_macro   0x0000000000020d78       0x9d ./Core/Src/ui.o
 .debug_macro   0x0000000000020e15      0x279 ./Drivers/STM32F4xx_HAL_Driver/Src/stm32f4xx_hal.o
 .debug_macro   0x000000000002108e      0x21a ./Drivers/STM32F4xx_HAL_Driver/Src/stm32f4xx_hal_adc.o
 .debug_macro   0x00000000000212a8      0x221 ./Drivers/STM32F4xx_HAL_Driver/Src/stm32f4xx_hal_can.o
 .debug_macro   0x00000000000214c9      0x219 ./Drivers/STM32F4xx_HAL_Driver/Src/stm32f4xx_hal_cortex.o
 .debug_macro   0x00000000000216e2      0x21f ./Drivers/STM32F4xx_HAL_Driver/Src/stm32f4xx_hal_dma.o
 .debug_macro   0x0000000000021901      0x21f ./Drivers/STM32F4xx_HAL_Driver/Src/stm32f4xx_hal_gpio.o
 .debug_macro   0x0000000000021b20      0x260 ./Drivers/STM32F4xx_HAL_Driver/Src/stm32f4xx_hal_i2c.o
 .debug_macro   0x0000000000021d80      0x23d ./Drivers/STM32F4xx_HAL_Driver/Src/stm32f4xx_hal_rcc.o
 .debug_macro   0x0000000000021fbd      0x219 ./Drivers/STM32F4xx_HAL_Driver/Src/stm32f4xx_hal_rcc_ex.o
 .debug_macro   0x00000000000221d6      0x228 ./Drivers/STM32F4xx_HAL_Driver/Src/stm32f4xx_hal_spi.o
 .debug_macro   0x00000000000223fe      0x21a ./Drivers/STM32F4xx_HAL_Driver/Src/stm32f4xx_hal_tim.o
 .debug_macro   0x0000000000022618      0x219 ./Drivers/STM32F4xx_HAL_Driver/Src/stm32f4xx_hal_tim_ex.o

.debug_line     0x0000000000000000    0x19a7b
 .debug_line    0x0000000000000000      0x823 ./Core/Src/button.o
 .debug_line    0x0000000000000823      0x8af ./Core/Src/display.o
 .debug_line    0x00000000000010d2      0x817 ./Core/Src/encoder.o
 .debug_line    0x00000000000018e9      0x9d6 ./Core/Src/gfx.o
 .debug_line    0x00000000000022bf      0x785 ./Core/Src/hvil.o
 .debug_line    0x0000000000002a44      0x383 ./Core/Src/img.o
 .debug_line    0x0000000000002dc7      0xa95 ./Core/Src/init.o
 .debug_line    0x000000000000385c      0x7cd ./Core/Src/led.o
 .debug_line    0x0000000000004029      0x835 ./Core/Src/main.o
 .debug_line    0x000000000000485e      0x7ee ./Core/Src/pot.o
 .debug_line    0x000000000000504c      0x7a1 ./Core/Src/speaker.o
 .debug_line    0x00000000000057ed      0x952 ./Core/Src/stm32f4xx_hal_msp.o
 .debug_line    0x000000000000613f      0x8a4 ./Core/Src/stm32f4xx_it.o
 .debug_line    0x00000000000069e3      0x7d3 ./Core/Src/system_stm32f4xx.o
 .debug_line    0x00000000000071b6      0x7c6 ./Core/Src/timer.o
 .debug_line    0x000000000000797c      0x490 ./Core/Src/ui.o
 .debug_line    0x0000000000007e0c       0x88 ./Core/Startup/startup_stm32f412vetx.o
 .debug_line    0x0000000000007e94      0xa39 ./Drivers/STM32F4xx_HAL_Driver/Src/stm32f4xx_hal.o
 .debug_line    0x00000000000088cd     0x11e3 ./Drivers/STM32F4xx_HAL_Driver/Src/stm32f4xx_hal_adc.o
 .debug_line    0x0000000000009ab0     0x11a5 ./Drivers/STM32F4xx_HAL_Driver/Src/stm32f4xx_hal_can.o
 .debug_line    0x000000000000ac55      0xce8 ./Drivers/STM32F4xx_HAL_Driver/Src/stm32f4xx_hal_cortex.o
 .debug_line    0x000000000000b93d      0xf9d ./Drivers/STM32F4xx_HAL_Driver/Src/stm32f4xx_hal_dma.o
 .debug_line    0x000000000000c8da      0xb71 ./Drivers/STM32F4xx_HAL_Driver/Src/stm32f4xx_hal_gpio.o
 .debug_line    0x000000000000d44b     0x39ee ./Drivers/STM32F4xx_HAL_Driver/Src/stm32f4xx_hal_i2c.o
 .debug_line    0x0000000000010e39      0xdc1 ./Drivers/STM32F4xx_HAL_Driver/Src/stm32f4xx_hal_rcc.o
 .debug_line    0x0000000000011bfa     0x105b ./Drivers/STM32F4xx_HAL_Driver/Src/stm32f4xx_hal_rcc_ex.o
 .debug_line    0x0000000000012c55     0x1cc3 ./Drivers/STM32F4xx_HAL_Driver/Src/stm32f4xx_hal_spi.o
 .debug_line    0x0000000000014918     0x372d ./Drivers/STM32F4xx_HAL_Driver/Src/stm32f4xx_hal_tim.o
 .debug_line    0x0000000000018045     0x1a36 ./Drivers/STM32F4xx_HAL_Driver/Src/stm32f4xx_hal_tim_ex.o

.debug_str      0x0000000000000000    0xcfc23
 .debug_str     0x0000000000000000    0xc9b35 ./Core/Src/button.o
                                      0xc9dc0 (size before relaxing)
 .debug_str     0x00000000000c9b35      0x860 ./Core/Src/display.o
                                      0xca3a8 (size before relaxing)
 .debug_str     0x00000000000ca395       0xd2 ./Core/Src/encoder.o
                                      0xc9bd6 (size before relaxing)
 .debug_str     0x00000000000ca467      0x175 ./Core/Src/gfx.o
                                      0xca09e (size before relaxing)
 .debug_str     0x00000000000ca5dc       0x48 ./Core/Src/hvil.o
                                      0xc9b6d (size before relaxing)
 .debug_str     0x00000000000ca624       0x44 ./Core/Src/img.o
                                       0x3c8b (size before relaxing)
 .debug_str     0x00000000000ca668      0xe68 ./Core/Src/init.o
                                      0xcaebf (size before relaxing)
 .debug_str     0x00000000000cb4d0       0x44 ./Core/Src/led.o
                                      0xc9b8f (size before relaxing)
 .debug_str     0x00000000000cb514       0xc7 ./Core/Src/main.o
                                      0xca0fb (size before relaxing)
 .debug_str     0x00000000000cb5db      0x116 ./Core/Src/pot.o
                                      0xca0cb (size before relaxing)
 .debug_str     0x00000000000cb6f1       0xfe ./Core/Src/speaker.o
                                      0xca177 (size before relaxing)
 .debug_str     0x00000000000cb7ef      0x62d ./Core/Src/stm32f4xx_hal_msp.o
                                      0xcaf8b (size before relaxing)
 .debug_str     0x00000000000cbe1c      0x186 ./Core/Src/stm32f4xx_it.o
                                      0xca814 (size before relaxing)
 .debug_str     0x00000000000cbfa2       0xdb ./Core/Src/system_stm32f4xx.o
                                      0xc95ce (size before relaxing)
 .debug_str     0x00000000000cc07d       0xd6 ./Core/Src/timer.o
                                      0xc9b8e (size before relaxing)
 .debug_str     0x00000000000cc153      0x10c ./Core/Src/ui.o
                                       0x3f30 (size before relaxing)
 .debug_str     0x00000000000cc25f       0x71 ./Core/Startup/startup_stm32f412vetx.o
 .debug_str     0x00000000000cc2d0      0x603 ./Drivers/STM32F4xx_HAL_Driver/Src/stm32f4xx_hal.o
                                      0xca124 (size before relaxing)
 .debug_str     0x00000000000cc8d3      0x27d ./Drivers/STM32F4xx_HAL_Driver/Src/stm32f4xx_hal_adc.o
                                      0xc9b8f (size before relaxing)
 .debug_str     0x00000000000ccb50      0x54d ./Drivers/STM32F4xx_HAL_Driver/Src/stm32f4xx_hal_can.o
                                      0xc9c8e (size before relaxing)
 .debug_str     0x00000000000cd09d      0x326 ./Drivers/STM32F4xx_HAL_Driver/Src/stm32f4xx_hal_cortex.o
                                      0xc9e33 (size before relaxing)
 .debug_str     0x00000000000cd3c3      0x2f6 ./Drivers/STM32F4xx_HAL_Driver/Src/stm32f4xx_hal_dma.o
                                      0xc99bc (size before relaxing)
 .debug_str     0x00000000000cd6b9       0xf8 ./Drivers/STM32F4xx_HAL_Driver/Src/stm32f4xx_hal_gpio.o
                                      0xc9747 (size before relaxing)
 .debug_str     0x00000000000cd7b1      0xa8a ./Drivers/STM32F4xx_HAL_Driver/Src/stm32f4xx_hal_i2c.o
                                      0xca572 (size before relaxing)
 .debug_str     0x00000000000ce23b      0x213 ./Drivers/STM32F4xx_HAL_Driver/Src/stm32f4xx_hal_rcc.o
                                      0xc99ff (size before relaxing)
 .debug_str     0x00000000000ce44e      0x235 ./Drivers/STM32F4xx_HAL_Driver/Src/stm32f4xx_hal_rcc_ex.o
                                      0xc98ff (size before relaxing)
 .debug_str     0x00000000000ce683      0x524 ./Drivers/STM32F4xx_HAL_Driver/Src/stm32f4xx_hal_spi.o
                                      0xc9e66 (size before relaxing)
 .debug_str     0x00000000000ceba7      0xc9b ./Drivers/STM32F4xx_HAL_Driver/Src/stm32f4xx_hal_tim.o
                                      0xca91c (size before relaxing)
 .debug_str     0x00000000000cf842      0x3e1 ./Drivers/STM32F4xx_HAL_Driver/Src/stm32f4xx_hal_tim_ex.o
                                      0xca138 (size before relaxing)

.comment        0x0000000000000000       0x50
 .comment       0x0000000000000000       0x50 ./Core/Src/button.o
                                         0x51 (size before relaxing)
 .comment       0x0000000000000050       0x51 ./Core/Src/display.o
 .comment       0x0000000000000050       0x51 ./Core/Src/encoder.o
 .comment       0x0000000000000050       0x51 ./Core/Src/gfx.o
 .comment       0x0000000000000050       0x51 ./Core/Src/hvil.o
 .comment       0x0000000000000050       0x51 ./Core/Src/img.o
 .comment       0x0000000000000050       0x51 ./Core/Src/init.o
 .comment       0x0000000000000050       0x51 ./Core/Src/led.o
 .comment       0x0000000000000050       0x51 ./Core/Src/main.o
 .comment       0x0000000000000050       0x51 ./Core/Src/pot.o
 .comment       0x0000000000000050       0x51 ./Core/Src/speaker.o
 .comment       0x0000000000000050       0x51 ./Core/Src/stm32f4xx_hal_msp.o
 .comment       0x0000000000000050       0x51 ./Core/Src/stm32f4xx_it.o
 .comment       0x0000000000000050       0x51 ./Core/Src/system_stm32f4xx.o
 .comment       0x0000000000000050       0x51 ./Core/Src/timer.o
 .comment       0x0000000000000050       0x51 ./Core/Src/ui.o
 .comment       0x0000000000000050       0x51 ./Drivers/STM32F4xx_HAL_Driver/Src/stm32f4xx_hal.o
 .comment       0x0000000000000050       0x51 ./Drivers/STM32F4xx_HAL_Driver/Src/stm32f4xx_hal_adc.o
 .comment       0x0000000000000050       0x51 ./Drivers/STM32F4xx_HAL_Driver/Src/stm32f4xx_hal_can.o
 .comment       0x0000000000000050       0x51 ./Drivers/STM32F4xx_HAL_Driver/Src/stm32f4xx_hal_cortex.o
 .comment       0x0000000000000050       0x51 ./Drivers/STM32F4xx_HAL_Driver/Src/stm32f4xx_hal_dma.o
 .comment       0x0000000000000050       0x51 ./Drivers/STM32F4xx_HAL_Driver/Src/stm32f4xx_hal_gpio.o
 .comment       0x0000000000000050       0x51 ./Drivers/STM32F4xx_HAL_Driver/Src/stm32f4xx_hal_i2c.o
 .comment       0x0000000000000050       0x51 ./Drivers/STM32F4xx_HAL_Driver/Src/stm32f4xx_hal_rcc.o
 .comment       0x0000000000000050       0x51 ./Drivers/STM32F4xx_HAL_Driver/Src/stm32f4xx_hal_rcc_ex.o
 .comment       0x0000000000000050       0x51 ./Drivers/STM32F4xx_HAL_Driver/Src/stm32f4xx_hal_spi.o
 .comment       0x0000000000000050       0x51 ./Drivers/STM32F4xx_HAL_Driver/Src/stm32f4xx_hal_tim.o
 .comment       0x0000000000000050       0x51 ./Drivers/STM32F4xx_HAL_Driver/Src/stm32f4xx_hal_tim_ex.o

.debug_frame    0x0000000000000000     0x529c
 .debug_frame   0x0000000000000000       0xa8 ./Core/Src/button.o
 .debug_frame   0x00000000000000a8      0x124 ./Core/Src/display.o
 .debug_frame   0x00000000000001cc       0xd0 ./Core/Src/encoder.o
 .debug_frame   0x000000000000029c      0x118 ./Core/Src/gfx.o
 .debug_frame   0x00000000000003b4       0x68 ./Core/Src/hvil.o
 .debug_frame   0x000000000000041c      0x160 ./Core/Src/init.o
 .debug_frame   0x000000000000057c       0x98 ./Core/Src/led.o
 .debug_frame   0x0000000000000614       0x44 ./Core/Src/main.o
 .debug_frame   0x0000000000000658       0x84 ./Core/Src/pot.o
 .debug_frame   0x00000000000006dc       0x50 ./Core/Src/speaker.o
 .debug_frame   0x000000000000072c      0x214 ./Core/Src/stm32f4xx_hal_msp.o
 .debug_frame   0x0000000000000940      0x1ac ./Core/Src/stm32f4xx_it.o
 .debug_frame   0x0000000000000aec       0x58 ./Core/Src/system_stm32f4xx.o
 .debug_frame   0x0000000000000b44       0x50 ./Core/Src/timer.o
 .debug_frame   0x0000000000000b94      0x13c ./Core/Src/ui.o
 .debug_frame   0x0000000000000cd0      0x374 ./Drivers/STM32F4xx_HAL_Driver/Src/stm32f4xx_hal.o
 .debug_frame   0x0000000000001044      0x3fc ./Drivers/STM32F4xx_HAL_Driver/Src/stm32f4xx_hal_adc.o
 .debug_frame   0x0000000000001440      0x5a0 ./Drivers/STM32F4xx_HAL_Driver/Src/stm32f4xx_hal_can.o
 .debug_frame   0x00000000000019e0      0x498 ./Drivers/STM32F4xx_HAL_Driver/Src/stm32f4xx_hal_cortex.o
 .debug_frame   0x0000000000001e78      0x250 ./Drivers/STM32F4xx_HAL_Driver/Src/stm32f4xx_hal_dma.o
 .debug_frame   0x00000000000020c8      0x14c ./Drivers/STM32F4xx_HAL_Driver/Src/stm32f4xx_hal_gpio.o
 .debug_frame   0x0000000000002214      0xc5c ./Drivers/STM32F4xx_HAL_Driver/Src/stm32f4xx_hal_i2c.o
 .debug_frame   0x0000000000002e70      0x1f4 ./Drivers/STM32F4xx_HAL_Driver/Src/stm32f4xx_hal_rcc.o
 .debug_frame   0x0000000000003064      0x16c ./Drivers/STM32F4xx_HAL_Driver/Src/stm32f4xx_hal_rcc_ex.o
 .debug_frame   0x00000000000031d0      0x824 ./Drivers/STM32F4xx_HAL_Driver/Src/stm32f4xx_hal_spi.o
 .debug_frame   0x00000000000039f4     0x11c4 ./Drivers/STM32F4xx_HAL_Driver/Src/stm32f4xx_hal_tim.o
 .debug_frame   0x0000000000004bb8      0x638 ./Drivers/STM32F4xx_HAL_Driver/Src/stm32f4xx_hal_tim_ex.o
 .debug_frame   0x00000000000051f0       0x2c c:/st/stm32cubeide_1.11.0/stm32cubeide/plugins/com.st.stm32cube.ide.mcu.externaltools.gnu-tools-for-stm32.10.3-2021.10.win32_1.0.100.202210260954/tools/bin/../lib/gcc/arm-none-eabi/10.3.1/../../../../arm-none-eabi/lib/thumb/v7e-m+fp/hard\libc_nano.a(lib_a-init.o)
 .debug_frame   0x000000000000521c       0x20 c:/st/stm32cubeide_1.11.0/stm32cubeide/plugins/com.st.stm32cube.ide.mcu.externaltools.gnu-tools-for-stm32.10.3-2021.10.win32_1.0.100.202210260954/tools/bin/../lib/gcc/arm-none-eabi/10.3.1/../../../../arm-none-eabi/lib/thumb/v7e-m+fp/hard\libc_nano.a(lib_a-memset.o)
 .debug_frame   0x000000000000523c       0x2c c:/st/stm32cubeide_1.11.0/stm32cubeide/plugins/com.st.stm32cube.ide.mcu.externaltools.gnu-tools-for-stm32.10.3-2021.10.win32_1.0.100.202210260954/tools/bin/../lib/gcc/arm-none-eabi/10.3.1/thumb/v7e-m+fp/hard\libgcc.a(_aeabi_uldivmod.o)
 .debug_frame   0x0000000000005268       0x34 c:/st/stm32cubeide_1.11.0/stm32cubeide/plugins/com.st.stm32cube.ide.mcu.externaltools.gnu-tools-for-stm32.10.3-2021.10.win32_1.0.100.202210260954/tools/bin/../lib/gcc/arm-none-eabi/10.3.1/thumb/v7e-m+fp/hard\libgcc.a(_udivmoddi4.o)